2026-07-29T05:48:02Z INF Thank you for trying Cloudflare Tunnel. Doing so, without a Cloudflare account, is a quick way to experiment and try it out. However, be aware that these account-less Tunnels have no uptime guarantee, are subject to the Cloudflare Online Services Terms of Use (https://www.cloudflare.com/website-terms/), and Cloudflare reserves the right to investigate your use of Tunnels for violations of such terms. If you intend to use Tunnels in production you should use a pre-created named tunnel by following: https://developers.cloudflare.com/cloudflare-one/connections/connect-apps
2026-07-29T05:48:02Z INF Requesting new quick Tunnel on trycloudflare.com...
2026-07-29T05:48:05Z INF +--------------------------------------------------------------------------------------------+
2026-07-29T05:48:05Z INF |  Your quick Tunnel has been created! Visit it at (it may take some time to be reachable):  |
2026-07-29T05:48:05Z INF |  https://temp-vegetation-root-controllers.trycloudflare.com                                |
2026-07-29T05:48:05Z INF +--------------------------------------------------------------------------------------------+
2026-07-29T05:48:05Z INF Cannot determine default configuration path. No file [config.yml config.yaml] in [~/.cloudflared ~/.cloudflare-warp ~/cloudflare-warp /etc/cloudflared /usr/local/etc/cloudflared]
2026-07-29T05:48:05Z INF Version 2026.6.1 (Checksum 9170a9ab6599ab83fec189aacac24d201953047202907d183f7feb6b637d9584)
2026-07-29T05:48:05Z INF GOOS: android, GOVersion: go1.26.4, GoArch: arm64
2026-07-29T05:48:05Z INF Settings: map[ha-connections:1 p:quic protocol:quic url:http://localhost:3000]
2026-07-29T05:48:05Z INF Autoupdate frequency is set autoupdateFreq=86400000
2026-07-29T05:48:05Z INF Generated Connector ID: 9590f6bf-7ff4-4bf1-a1fd-672db4f41483
2026-07-29T05:48:05Z INF Initial protocol quic
2026-07-29T05:48:05Z INF ICMP proxy will use 192.168.1.112 as source for IPv4
2026-07-29T05:48:05Z INF ICMP proxy will use :: as source for IPv6
2026-07-29T05:48:05Z WRN The user running cloudflared process has a GID (group ID) that is not within ping_group_range. You might need to add that user to a group within that range, or instead update the range to encompass a group the user is already in by modifying /proc/sys/net/ipv4/ping_group_range. Otherwise cloudflared will not be able to ping this network error="open /proc/sys/net/ipv4/ping_group_range: permission denied"
2026-07-29T05:48:05Z INF ICMP proxy will use 192.168.1.112 as source for IPv4
2026-07-29T05:48:05Z INF ICMP proxy will use :: as source for IPv6
2026-07-29T05:48:05Z INF Starting metrics server on 127.0.0.1:20241/metrics
2026-07-29T05:48:05Z INF Tunnel connection curve preferences: [X25519MLKEM768 CurveID(65074) CurveP256] connIndex=0 event=0 ip=2606:4700:a0::7
2026-07-29T05:48:06Z INF +-------------------------------------------------------------------------------------+
2026-07-29T05:48:06Z INF |                               CONNECTIVITY PRE-CHECKS                               |
2026-07-29T05:48:06Z INF +-------------------------------------------------------------------------------------+
2026-07-29T05:48:06Z INF |  COMPONENT         TARGET                     STATUS  DETAILS                       |
2026-07-29T05:48:06Z INF |  DNS Resolution    region1.v2.argotunnel.com  PASS    DNS Resolved successfully     |
2026-07-29T05:48:06Z INF |  DNS Resolution    region2.v2.argotunnel.com  PASS    DNS Resolved successfully     |
2026-07-29T05:48:06Z INF |  UDP Connectivity  region1.v2.argotunnel.com  PASS    QUIC connection successful    |
2026-07-29T05:48:06Z INF |  UDP Connectivity  region2.v2.argotunnel.com  PASS    QUIC connection successful    |
2026-07-29T05:48:06Z INF |  TCP Connectivity  region1.v2.argotunnel.com  PASS    HTTP/2 connection successful  |
2026-07-29T05:48:06Z INF |  TCP Connectivity  region2.v2.argotunnel.com  PASS    HTTP/2 connection successful  |
2026-07-29T05:48:06Z INF |  Cloudflare API    api.cloudflare.com:443     PASS    API is reachable              |
2026-07-29T05:48:06Z INF |                                                                                     |
2026-07-29T05:48:06Z INF |  SUMMARY: Environment is healthy. cloudflared will use 'quic' as primary protocol.  |
2026-07-29T05:48:06Z INF +-------------------------------------------------------------------------------------+
2026-07-29T05:48:06Z INF precheck component="DNS Resolution" details="DNS Resolved successfully" run_id=6d78b2a4-6d60-4567-8d86-dd21335912a7 status=pass target=region1.v2.argotunnel.com
2026-07-29T05:48:06Z INF precheck component="DNS Resolution" details="DNS Resolved successfully" run_id=6d78b2a4-6d60-4567-8d86-dd21335912a7 status=pass target=region2.v2.argotunnel.com
2026-07-29T05:48:06Z INF precheck component="UDP Connectivity" details="QUIC connection successful" run_id=6d78b2a4-6d60-4567-8d86-dd21335912a7 status=pass target=region1.v2.argotunnel.com
2026-07-29T05:48:06Z INF precheck component="UDP Connectivity" details="QUIC connection successful" run_id=6d78b2a4-6d60-4567-8d86-dd21335912a7 status=pass target=region2.v2.argotunnel.com
2026-07-29T05:48:06Z INF precheck component="TCP Connectivity" details="HTTP/2 connection successful" run_id=6d78b2a4-6d60-4567-8d86-dd21335912a7 status=pass target=region1.v2.argotunnel.com
2026-07-29T05:48:06Z INF precheck component="TCP Connectivity" details="HTTP/2 connection successful" run_id=6d78b2a4-6d60-4567-8d86-dd21335912a7 status=pass target=region2.v2.argotunnel.com
2026-07-29T05:48:06Z INF precheck component="Cloudflare API" details="API is reachable" run_id=6d78b2a4-6d60-4567-8d86-dd21335912a7 status=pass target=api.cloudflare.com:443
2026-07-29T05:48:06Z INF precheck complete hard_fail=false run_id=6d78b2a4-6d60-4567-8d86-dd21335912a7 suggested_protocol=quic
2026-07-29T05:48:06Z INF Registered tunnel connection connIndex=0 connection=fff3f4b3-0db4-4cae-acdd-198713a20ef7 event=0 ip=2606:4700:a0::7 location=khh01 protocol=quic
2026-07-29T05:49:12Z ERR  error="Unable to reach the origin service. The service may be down or it may not be responding to traffic from cloudflared: dial tcp 127.0.0.1:3000: connect: connection refused" connIndex=0 event=1 ingressRule=0 originService=http://localhost:3000
2026-07-29T05:49:12Z ERR Request failed error="Unable to reach the origin service. The service may be down or it may not be responding to traffic from cloudflared: dial tcp 127.0.0.1:3000: connect: connection refused" connIndex=0 dest=https://temp-vegetation-root-controllers.trycloudflare.com/ event=0 ip=2606:4700:a0::7 type=http
2026-07-29T05:49:13Z ERR  error="Unable to reach the origin service. The service may be down or it may not be responding to traffic from cloudflared: dial tcp 127.0.0.1:3000: connect: connection refused" connIndex=0 event=1 ingressRule=0 originService=http://localhost:3000
2026-07-29T05:49:13Z ERR Request failed error="Unable to reach the origin service. The service may be down or it may not be responding to traffic from cloudflared: dial tcp 127.0.0.1:3000: connect: connection refused" connIndex=0 dest=https://temp-vegetation-root-controllers.trycloudflare.com/favicon.ico event=0 ip=2606:4700:a0::7 type=http
2026-07-29T05:49:22Z INF Initiating graceful shutdown due to signal interrupt ...
2026-07-29T05:49:22Z ERR failed to run the datagram handler error="context canceled" connIndex=0 event=0 ip=2606:4700:a0::7
2026-07-29T05:49:22Z ERR failed to serve tunnel connection error="accept stream listener encountered a failure while serving" connIndex=0 event=0 ip=2606:4700:a0::7
2026-07-29T05:49:22Z ERR Serve tunnel error error="accept stream listener encountered a failure while serving" connIndex=0 event=0 ip=2606:4700:a0::7
2026-07-29T05:49:22Z INF Retrying connection in up to 1s connIndex=0 event=0 ip=2606:4700:a0::7
2026-07-29T05:49:22Z ERR Connection terminated connIndex=0
2026-07-29T05:49:22Z ERR no more connections active and exiting
2026-07-29T05:49:22Z INF Tunnel server stopped
2026-07-29T05:49:22Z INF Metrics server stopped
