[2026-09-03 07:08:28] ❌ May tumatakbo na supervisor loop (PID 19421). Hindi na papatakbuhin ulit.
[2026-09-03 07:10:01] ❌ May tumatakbo na supervisor loop (PID 19421). Hindi na papatakbuhin ulit.
ℹ️  Natanggap ang SIGTERM — nagse-save muna ng huling snapshot sa Postgres bago mag-exit...
[2026-09-03 07:10:20] 🛑 Ihihinto ang supervisor loop (signal received).
[2026-09-03 07:11:00] 🛑 Ihihinto ang supervisor loop (signal received).
[2026-09-03 07:11:04] 🛑 Ihihinto ang supervisor loop (signal received).
[2026-09-03 07:11:17] 🔒 Termux wake-lock enabled (pinipigilan ng Android na i-kill ang session).
[2026-09-03 07:11:20] 🚀 OMNIPOS supervisor loop — sinisimulan ang server.js...
🔄 Naibalik ang 1 aktibong session mula sa huling pagkaka-save (bago pa mag-restart).
⏸️  Naka-disable ang auto-backup (DISABLE_AUTO_BACKUP=true sa .env). Alisin/i-false ang env var para i-enable ulit ito.
💳 Na-load ang cached Cloud Backup pricing mula RELAY (huling na-fetch: 2026-09-02T23:10:02.381Z).
ℹ️  [cloud-snapshot] Walang OMNIPOS_FIXED_INSTALLATION_ID at/o DATABASE_URL na naka-set — nilaktawan ang cloud restore.
Server running at http://0.0.0.0:3000
MODE: Production (Public/Online Access Enabled)
ℹ️  Natanggap ang SIGINT — nagse-save muna ng huling snapshot sa Postgres bago mag-exit...
[2026-09-03 07:11:29] 🛑 Ihihinto ang supervisor loop (signal received).
[2026-09-03 07:11:40] 🛑 Ihihinto ang supervisor loop (signal received).
[2026-09-03 07:11:42] 🛑 Ihihinto ang supervisor loop (signal received).
[2026-09-03 07:11:42] 🛑 Ihihinto ang supervisor loop (signal received).
[2026-09-03 07:11:42] 🛑 Ihihinto ang supervisor loop (signal received).
[2026-09-03 07:11:43] 🛑 Ihihinto ang supervisor loop (signal received).
[2026-09-03 07:11:43] 🛑 Ihihinto ang supervisor loop (signal received).
[2026-09-03 07:11:43] 🛑 Ihihinto ang supervisor loop (signal received).
[2026-09-03 07:12:07] ⚠️  May natirang lock file mula sa dating session (PID 25908, hindi na tumatakbo) — nililinis.
[2026-09-03 07:12:08] 🔒 Termux wake-lock enabled (pinipigilan ng Android na i-kill ang session).
[2026-09-03 07:12:11] 🚀 OMNIPOS supervisor loop — sinisimulan ang server.js...
🔄 Naibalik ang 1 aktibong session mula sa huling pagkaka-save (bago pa mag-restart).
⏸️  Naka-disable ang auto-backup (DISABLE_AUTO_BACKUP=true sa .env). Alisin/i-false ang env var para i-enable ulit ito.
💳 Na-load ang cached Cloud Backup pricing mula RELAY (huling na-fetch: 2026-09-02T23:11:22.502Z).
ℹ️  [cloud-snapshot] Walang OMNIPOS_FIXED_INSTALLATION_ID at/o DATABASE_URL na naka-set — nilaktawan ang cloud restore.
Server running at http://0.0.0.0:3000
MODE: Production (Public/Online Access Enabled)
[2026-09-03 07:26:35] ⚠️  May natirang lock file mula sa dating session (PID 27558, hindi na tumatakbo) — nililinis.
[2026-09-03 07:26:36] 🔒 Termux wake-lock enabled (pinipigilan ng Android na i-kill ang session).
[2026-09-03 07:26:39] 🚀 OMNIPOS supervisor loop — sinisimulan ang server.js...
🔄 Naibalik ang 1 aktibong session mula sa huling pagkaka-save (bago pa mag-restart).
⏸️  Naka-disable ang auto-backup (DISABLE_AUTO_BACKUP=true sa .env). Alisin/i-false ang env var para i-enable ulit ito.
💳 Na-load ang cached Cloud Backup pricing mula RELAY (huling na-fetch: 2026-09-02T23:12:12.618Z).
ℹ️  [cloud-snapshot] Walang OMNIPOS_FIXED_INSTALLATION_ID at/o DATABASE_URL na naka-set — nilaktawan ang cloud restore.
Server running at http://0.0.0.0:3000
MODE: Production (Public/Online Access Enabled)
[2026-09-03 07:29:11] ❌ May tumatakbo na supervisor loop (PID 15501). Hindi na papatakbuhin ulit.
⚠️  Hindi na-fetch ang Cloud Backup pricing mula RELAY (offline/timeout?) — gagamitin ang huling cache/fallback: Walang internet connection na na-detect sa device na ito.
⚠️  Hindi na-fetch ang Cloud Backup pricing mula RELAY (offline/timeout?) — gagamitin ang huling cache/fallback: Walang internet connection na na-detect sa device na ito.
[2026-09-03 07:38:45] ❌ May tumatakbo na supervisor loop (PID 15501). Hindi na papatakbuhin ulit.
[2026-09-03 07:48:42] ❌ May tumatakbo na supervisor loop (PID 15501). Hindi na papatakbuhin ulit.
[2026-09-03 07:59:15] ❌ May tumatakbo na supervisor loop (PID 15501). Hindi na papatakbuhin ulit.
[2026-09-03 08:57:13] 🔒 Termux wake-lock enabled (pinipigilan ng Android na i-kill ang session).
[2026-09-03 08:57:16] 🚀 OMNIPOS supervisor loop — sinisimulan ang server.js...
🔄 Naibalik ang 2 aktibong session mula sa huling pagkaka-save (bago pa mag-restart).
⏸️  Naka-disable ang auto-backup (DISABLE_AUTO_BACKUP=true sa .env). Alisin/i-false ang env var para i-enable ulit ito.
💳 Na-load ang cached Cloud Backup pricing mula RELAY (huling na-fetch: 2026-09-02T23:59:17.201Z).
ℹ️  [cloud-snapshot] Walang OMNIPOS_FIXED_INSTALLATION_ID at/o DATABASE_URL na naka-set — nilaktawan ang cloud restore.
Server running at http://localhost:3000
MODE: Development (Localhost Access Only)
⚠️  Hindi na-fetch ang Cloud Backup pricing mula RELAY (offline/timeout?) — gagamitin ang huling cache/fallback: Walang internet connection na na-detect sa device na ito.
[2026-09-03 15:23:01] ⚠️  May natirang lock file mula sa dating session (PID 2081, hindi na tumatakbo) — nililinis.
[2026-09-03 15:23:02] 🔒 Termux wake-lock enabled (pinipigilan ng Android na i-kill ang session).
[2026-09-03 15:23:05] 🚀 OMNIPOS supervisor loop — sinisimulan ang server.js...
🔄 Naibalik ang 2 aktibong session mula sa huling pagkaka-save (bago pa mag-restart).
⏸️  Naka-disable ang auto-backup (DISABLE_AUTO_BACKUP=true sa .env). Alisin/i-false ang env var para i-enable ulit ito.
💳 Na-load ang cached Cloud Backup pricing mula RELAY (huling na-fetch: 2026-09-03T01:57:21.732Z).
ℹ️  [cloud-snapshot] Walang OMNIPOS_FIXED_INSTALLATION_ID at/o DATABASE_URL na naka-set — nilaktawan ang cloud restore.
Server running at http://localhost:3000
MODE: Development (Localhost Access Only)
ℹ️  Natanggap ang SIGINT — nagse-save muna ng huling snapshot sa Postgres bago mag-exit...
[2026-09-03 15:46:34] 🛑 Ihihinto ang supervisor loop (signal received).
[2026-09-03 16:11:46] 🔒 Termux wake-lock enabled (pinipigilan ng Android na i-kill ang session).
[2026-09-03 16:11:49] 🚀 OMNIPOS supervisor loop — sinisimulan ang server.js...
🔄 Naibalik ang 1 aktibong session mula sa huling pagkaka-save (bago pa mag-restart).
⏸️  Naka-disable ang auto-backup (DISABLE_AUTO_BACKUP=true sa .env). Alisin/i-false ang env var para i-enable ulit ito.
💳 Na-load ang cached Cloud Backup pricing mula RELAY (huling na-fetch: 2026-09-03T07:24:15.855Z).
ℹ️  [cloud-snapshot] Walang OMNIPOS_FIXED_INSTALLATION_ID at/o DATABASE_URL na naka-set — nilaktawan ang cloud restore.
Server running at http://localhost:3000
MODE: Development (Localhost Access Only)
[2026-09-03 18:26:52] 🔒 Termux wake-lock enabled (pinipigilan ng Android na i-kill ang session).
[2026-09-03 18:26:55] 🚀 OMNIPOS supervisor loop — sinisimulan ang server.js...
🔄 Naibalik ang 1 aktibong session mula sa huling pagkaka-save (bago pa mag-restart).
⏸️  Naka-disable ang auto-backup (DISABLE_AUTO_BACKUP=true sa .env). Alisin/i-false ang env var para i-enable ulit ito.
💳 Na-load ang cached Cloud Backup pricing mula RELAY (huling na-fetch: 2026-09-03T08:14:13.272Z).
ℹ️  [cloud-snapshot] Walang OMNIPOS_FIXED_INSTALLATION_ID at/o DATABASE_URL na naka-set — nilaktawan ang cloud restore.
Server running at http://localhost:3000
MODE: Development (Localhost Access Only)
⚠️  Hindi na-fetch ang Cloud Backup pricing mula RELAY (offline/timeout?) — gagamitin ang huling cache/fallback: Walang internet connection na na-detect sa device na ito.
⚠️  Could not reach Relay for auto-restore check: fetch failed
⚠️  Could not reach Relay for the feature status check: fetch failed
⚠️  Could not reach Relay for auto-restore check: fetch failed
⚠️  Could not reach Relay for the feature status check: fetch failed
⚠️  Could not reach Relay for auto-restore check: fetch failed
⚠️  Could not reach Relay for the feature status check: fetch failed
⚠️  Could not reach Relay for auto-restore check: fetch failed
⚠️  Could not reach Relay for the feature status check: fetch failed
⚠️  Could not reach Relay for auto-restore check: fetch failed
⚠️  Could not reach Relay for the feature status check: fetch failed
⚠️  Could not reach Relay for auto-restore check: fetch failed
⚠️  Could not reach Relay for the feature status check: fetch failed
⚠️  Could not reach Relay for auto-restore check: fetch failed
⚠️  Could not reach Relay for the feature status check: fetch failed
[2026-09-03 20:31:42] ⚠️  May natirang lock file mula sa dating session (PID 26128, hindi na tumatakbo) — nililinis.
[2026-09-03 20:31:43] 🔒 Termux wake-lock enabled (pinipigilan ng Android na i-kill ang session).
[2026-09-03 20:31:46] 🚀 OMNIPOS supervisor loop — sinisimulan ang server.js...
🔄 Naibalik ang 1 aktibong session mula sa huling pagkaka-save (bago pa mag-restart).
⏸️  Naka-disable ang auto-backup (DISABLE_AUTO_BACKUP=true sa .env). Alisin/i-false ang env var para i-enable ulit ito.
💳 Na-load ang cached Cloud Backup pricing mula RELAY (huling na-fetch: 2026-09-03T11:30:28.454Z).
ℹ️  [cloud-snapshot] Walang OMNIPOS_FIXED_INSTALLATION_ID at/o DATABASE_URL na naka-set — nilaktawan ang cloud restore.
Server running at http://localhost:3000
MODE: Development (Localhost Access Only)
⚠️  Hindi na-fetch ang Cloud Backup pricing mula RELAY (offline/timeout?) — gagamitin ang huling cache/fallback: This operation was aborted
⚠️  Could not reach Relay for auto-restore check: This operation was aborted
Mail Reset Failure Context: Error: Hindi maka-konekta sa Gmail SMTP mula sa server na ito (Detalye: ESOCKET). Dahil hindi ito Render (lokal na network/Termux ito), HINDI malamang na server hosting policy ang dahilan — malamang ito ay: (1) pansamantalang walang/unstable na internet connection ang device sa oras ng pagsubok, (2) bina-block ng mobile carrier/ISP mo ang outbound SMTP ports (25/465/587) sa network na ginagamit mo, o (3) pansamantalang hindi na-resolve ang smtp.gmail.com (DNS). HINDI ito problema sa iyong Gmail address o App Password (kung magkaiba ang error na ito sa isang "Invalid login"/535 error). Solusyon: (1) tiyaking may stable na WiFi/mobile data connection, (2) subukang lumipat ng network (WiFi ↔ mobile data) at ulitin, o (3) i-configure ang GMAIL_OAUTH_CLIENT_ID / GMAIL_OAUTH_CLIENT_SECRET / GMAIL_OAUTH_REFRESH_TOKEN env vars bilang HTTPS fallback na hindi apektado ng SMTP port issues.
    at sendMailSmart (/data/data/com.termux/files/home/OMNIPOS/mailer.js:255:26)
    at process.processTicksAndRejections (node:internal/process/task_queues:104:5)
    at async /data/data/com.termux/files/home/OMNIPOS/server.js:7975:17 {
  code: 'SMTP_BLOCKED_NO_FALLBACK'
}
⚠️  Could not reach Relay for auto-restore check: fetch failed
⚠️  Could not reach Relay for the feature status check: fetch failed
⚠️  Could not reach Relay for auto-restore check: fetch failed
⚠️  Could not reach Relay for the feature status check: fetch failed
⚠️  Could not reach Relay for auto-restore check: fetch failed
⚠️  Could not reach Relay for the feature status check: fetch failed
⚠️  Could not reach Relay for auto-restore check: fetch failed
⚠️  Could not reach Relay for the feature status check: fetch failed
⚠️  Could not reach Relay for auto-restore check: fetch failed
⚠️  Could not reach Relay for the feature status check: fetch failed
⚠️  Could not reach Relay for auto-restore check: fetch failed
⚠️  Could not reach Relay for the feature status check: fetch failed
⚠️  Could not reach Relay for auto-restore check: fetch failed
⚠️  Could not reach Relay for the feature status check: fetch failed
⚠️  Could not reach Relay for auto-restore check: fetch failed
⚠️  Could not reach Relay for the feature status check: fetch failed
⚠️  Could not reach Relay for auto-restore check: fetch failed
⚠️  Could not reach Relay for the feature status check: fetch failed
⚠️  Could not reach Relay for auto-restore check: fetch failed
⚠️  Could not reach Relay for the feature status check: fetch failed
⚠️  Could not reach Relay for auto-restore check: fetch failed
⚠️  Could not reach Relay for the feature status check: fetch failed
⚠️  Could not reach Relay for auto-restore check: fetch failed
⚠️  Could not reach Relay for the feature status check: fetch failed
⚠️  Could not reach Relay for auto-restore check: fetch failed
⚠️  Could not reach Relay for the feature status check: fetch failed
⚠️  Could not reach Relay for auto-restore check: fetch failed
⚠️  Could not reach Relay for the feature status check: fetch failed
⚠️  Could not reach Relay for auto-restore check: fetch failed
⚠️  Could not reach Relay for the feature status check: fetch failed
[2026-09-04 08:54:18] ⚠️  May natirang lock file mula sa dating session (PID 12249, hindi na tumatakbo) — nililinis.
[2026-09-04 08:54:19] 🔒 Termux wake-lock enabled (pinipigilan ng Android na i-kill ang session).
[2026-09-04 08:54:22] 🚀 OMNIPOS supervisor loop — sinisimulan ang server.js...
⏸️  Naka-disable ang auto-backup (DISABLE_AUTO_BACKUP=true sa .env). Alisin/i-false ang env var para i-enable ulit ito.
💳 Na-load ang cached Cloud Backup pricing mula RELAY (huling na-fetch: 2026-09-03T14:02:26.407Z).
ℹ️  [cloud-snapshot] Walang OMNIPOS_FIXED_INSTALLATION_ID at/o DATABASE_URL na naka-set — nilaktawan ang cloud restore.
Server running at http://localhost:3000
MODE: Development (Localhost Access Only)
⚠️  Hindi na-fetch ang Cloud Backup pricing mula RELAY (offline/timeout?) — gagamitin ang huling cache/fallback: This operation was aborted
[2026-09-04 09:07:24] ⚠️  May natirang lock file mula sa dating session (PID 11970, hindi na tumatakbo) — nililinis.
[2026-09-04 09:07:24] 🔒 Termux wake-lock enabled (pinipigilan ng Android na i-kill ang session).
[2026-09-04 09:07:27] 🚀 OMNIPOS supervisor loop — sinisimulan ang server.js...
🔄 Naibalik ang 1 aktibong session mula sa huling pagkaka-save (bago pa mag-restart).
⏸️  Naka-disable ang auto-backup (DISABLE_AUTO_BACKUP=true sa .env). Alisin/i-false ang env var para i-enable ulit ito.
💳 Na-load ang cached Cloud Backup pricing mula RELAY (huling na-fetch: 2026-09-03T14:02:26.407Z).
ℹ️  [cloud-snapshot] Walang OMNIPOS_FIXED_INSTALLATION_ID at/o DATABASE_URL na naka-set — nilaktawan ang cloud restore.
Server running at http://localhost:3000
MODE: Development (Localhost Access Only)
[2026-09-04 10:03:28] 🔒 Termux wake-lock enabled (pinipigilan ng Android na i-kill ang session).
[2026-09-04 10:03:32] 🚀 OMNIPOS supervisor loop — sinisimulan ang server.js...
🔄 Naibalik ang 1 aktibong session mula sa huling pagkaka-save (bago pa mag-restart).
⏸️  Naka-disable ang auto-backup (DISABLE_AUTO_BACKUP=true sa .env). Alisin/i-false ang env var para i-enable ulit ito.
💳 Na-load ang cached Cloud Backup pricing mula RELAY (huling na-fetch: 2026-09-04T01:07:30.598Z).
ℹ️  [cloud-snapshot] Walang OMNIPOS_FIXED_INSTALLATION_ID at/o DATABASE_URL na naka-set — nilaktawan ang cloud restore.
Server running at http://localhost:3000
MODE: Development (Localhost Access Only)
⚠️  Hindi na-fetch ang Cloud Backup pricing mula RELAY (offline/timeout?) — gagamitin ang huling cache/fallback: This operation was aborted
⚠️  Could not reach Relay for auto-restore check: This operation was aborted
ℹ️  Natanggap ang SIGTERM — nagse-save muna ng huling snapshot sa Postgres bago mag-exit...
[2026-09-04 10:43:44] 🛑 Ihihinto ang supervisor loop (signal received).
[2026-09-04 10:43:46] 🔒 Termux wake-lock enabled (pinipigilan ng Android na i-kill ang session).
[2026-09-04 10:43:49] 🚀 OMNIPOS supervisor loop — sinisimulan ang server.js...
🔄 Naibalik ang 1 aktibong session mula sa huling pagkaka-save (bago pa mag-restart).
⏸️  Naka-disable ang auto-backup (DISABLE_AUTO_BACKUP=true sa .env). Alisin/i-false ang env var para i-enable ulit ito.
💳 Na-load ang cached Cloud Backup pricing mula RELAY (huling na-fetch: 2026-09-04T02:33:33.942Z).
ℹ️  [cloud-snapshot] Walang OMNIPOS_FIXED_INSTALLATION_ID at/o DATABASE_URL na naka-set — nilaktawan ang cloud restore.
Server running at http://localhost:3000
MODE: Development (Localhost Access Only)
ℹ️  Natanggap ang SIGTERM — nagse-save muna ng huling snapshot sa Postgres bago mag-exit...
[2026-09-04 11:09:32] 🛑 Ihihinto ang supervisor loop (signal received).
[2026-09-04 11:09:34] 🔒 Termux wake-lock enabled (pinipigilan ng Android na i-kill ang session).
[2026-09-04 11:09:37] 🚀 OMNIPOS supervisor loop — sinisimulan ang server.js...
🔄 Naibalik ang 1 aktibong session mula sa huling pagkaka-save (bago pa mag-restart).
⏸️  Naka-disable ang auto-backup (DISABLE_AUTO_BACKUP=true sa .env). Alisin/i-false ang env var para i-enable ulit ito.
💳 Na-load ang cached Cloud Backup pricing mula RELAY (huling na-fetch: 2026-09-04T02:43:52.095Z).
ℹ️  [cloud-snapshot] Walang OMNIPOS_FIXED_INSTALLATION_ID at/o DATABASE_URL na naka-set — nilaktawan ang cloud restore.
Server running at http://localhost:3000
MODE: Development (Localhost Access Only)
[2026-09-04 11:18:09] 🛑 Ihihinto ang supervisor loop (signal received).
⚠️  Hindi na-fetch ang Cloud Backup pricing mula RELAY (offline/timeout?) — gagamitin ang huling cache/fallback: Walang internet connection na na-detect sa device na ito.
[2026-09-04 16:50:49] ❌ May tumatakbo na supervisor loop (PID 30912). Hindi na papatakbuhin ulit.
[2026-09-04 16:52:15] ⚠️  May natirang lock file mula sa dating session (PID 30912, hindi na tumatakbo) — nililinis.
[2026-09-04 16:52:15] 🔒 Termux wake-lock enabled (pinipigilan ng Android na i-kill ang session).
[2026-09-04 16:52:18] 🚀 OMNIPOS supervisor loop — sinisimulan ang server.js...
🔄 Naibalik ang 1 aktibong session mula sa huling pagkaka-save (bago pa mag-restart).
⏸️  Naka-disable ang auto-backup (DISABLE_AUTO_BACKUP=true sa .env). Alisin/i-false ang env var para i-enable ulit ito.
💳 Na-load ang cached Cloud Backup pricing mula RELAY (huling na-fetch: 2026-09-04T08:50:51.498Z).
ℹ️  [cloud-snapshot] Walang OMNIPOS_FIXED_INSTALLATION_ID at/o DATABASE_URL na naka-set — nilaktawan ang cloud restore.
Server running at http://localhost:3000
MODE: Development (Localhost Access Only)
ℹ️  Natanggap ang SIGTERM — nagse-save muna ng huling snapshot sa Postgres bago mag-exit...
[2026-09-04 17:36:54] 🛑 Ihihinto ang supervisor loop (signal received).
[2026-09-04 17:36:56] 🔒 Termux wake-lock enabled (pinipigilan ng Android na i-kill ang session).
[2026-09-04 17:36:59] 🚀 OMNIPOS supervisor loop — sinisimulan ang server.js...
🔄 Naibalik ang 1 aktibong session mula sa huling pagkaka-save (bago pa mag-restart).
⏸️  Naka-disable ang auto-backup (DISABLE_AUTO_BACKUP=true sa .env). Alisin/i-false ang env var para i-enable ulit ito.
💳 Na-load ang cached Cloud Backup pricing mula RELAY (huling na-fetch: 2026-09-04T09:36:52.241Z).
ℹ️  [cloud-snapshot] Walang OMNIPOS_FIXED_INSTALLATION_ID at/o DATABASE_URL na naka-set — nilaktawan ang cloud restore.
Server running at http://localhost:3000
MODE: Development (Localhost Access Only)
⚠️ CLOUD_TOKENS: could not deduct tokens after a successful manual sync (non-blocking): Invalid tokens amount.
ℹ️  Natanggap ang SIGTERM — nagse-save muna ng huling snapshot sa Postgres bago mag-exit...
[2026-09-04 17:38:24] 🛑 Ihihinto ang supervisor loop (signal received).
[2026-09-04 17:38:27] 🔒 Termux wake-lock enabled (pinipigilan ng Android na i-kill ang session).
[2026-09-04 17:38:30] 🚀 OMNIPOS supervisor loop — sinisimulan ang server.js...
🔄 Naibalik ang 1 aktibong session mula sa huling pagkaka-save (bago pa mag-restart).
⏸️  Naka-disable ang auto-backup (DISABLE_AUTO_BACKUP=true sa .env). Alisin/i-false ang env var para i-enable ulit ito.
💳 Na-load ang cached Cloud Backup pricing mula RELAY (huling na-fetch: 2026-09-04T09:38:09.241Z).
ℹ️  [cloud-snapshot] Walang OMNIPOS_FIXED_INSTALLATION_ID at/o DATABASE_URL na naka-set — nilaktawan ang cloud restore.
Server running at http://localhost:3000
MODE: Development (Localhost Access Only)
⚠️ CLOUD_TOKENS: could not deduct tokens after a successful manual sync (non-blocking): Invalid tokens amount.
ℹ️  Natanggap ang SIGINT — nagse-save muna ng huling snapshot sa Postgres bago mag-exit...
[2026-09-04 18:01:49] 🛑 Ihihinto ang supervisor loop (signal received).
[2026-09-04 18:15:58] 🔒 Termux wake-lock enabled (pinipigilan ng Android na i-kill ang session).
[2026-09-04 18:16:01] 🚀 OMNIPOS supervisor loop — sinisimulan ang server.js...
🔄 Naibalik ang 1 aktibong session mula sa huling pagkaka-save (bago pa mag-restart).
⏸️  Naka-disable ang auto-backup (DISABLE_AUTO_BACKUP=true sa .env). Alisin/i-false ang env var para i-enable ulit ito.
💳 Na-load ang cached Cloud Backup pricing mula RELAY (huling na-fetch: 2026-09-04T09:47:15.420Z).
ℹ️  [cloud-snapshot] Walang OMNIPOS_FIXED_INSTALLATION_ID at/o DATABASE_URL na naka-set — nilaktawan ang cloud restore.
Server running at http://localhost:3000
MODE: Development (Localhost Access Only)
⚠️  Could not reach Relay for auto-restore check: This operation was aborted
⚠️  Could not reach Relay for auto-restore check: fetch failed
⚠️  Could not reach Relay for the feature status check: fetch failed
⚠️  Could not reach Relay for auto-restore check: fetch failed
⚠️  Could not reach Relay for the feature status check: fetch failed
[2026-09-04 19:30:58] ⚠️  May natirang lock file mula sa dating session (PID 29774, hindi na tumatakbo) — nililinis.
[2026-09-04 19:30:59] 🔒 Termux wake-lock enabled (pinipigilan ng Android na i-kill ang session).
[2026-09-04 19:31:02] 🚀 OMNIPOS supervisor loop — sinisimulan ang server.js...
🔄 Naibalik ang 1 aktibong session mula sa huling pagkaka-save (bago pa mag-restart).
⏸️  Naka-disable ang auto-backup (DISABLE_AUTO_BACKUP=true sa .env). Alisin/i-false ang env var para i-enable ulit ito.
💳 Na-load ang cached Cloud Backup pricing mula RELAY (huling na-fetch: 2026-09-04T10:16:04.240Z).
ℹ️  [cloud-snapshot] Walang OMNIPOS_FIXED_INSTALLATION_ID at/o DATABASE_URL na naka-set — nilaktawan ang cloud restore.
Server running at http://localhost:3000
MODE: Development (Localhost Access Only)
⚠️  Hindi na-fetch ang Cloud Backup pricing mula RELAY (offline/timeout?) — gagamitin ang huling cache/fallback: This operation was aborted
⚠️  Could not reach Relay for auto-restore check: This operation was aborted
Feature token-activation OTP send failure: Hindi maka-konekta sa Gmail SMTP mula sa server na ito (Detalye: ESOCKET). Dahil hindi ito Render (lokal na network/Termux ito), HINDI malamang na server hosting policy ang dahilan — malamang ito ay: (1) pansamantalang walang/unstable na internet connection ang device sa oras ng pagsubok, (2) bina-block ng mobile carrier/ISP mo ang outbound SMTP ports (25/465/587) sa network na ginagamit mo, o (3) pansamantalang hindi na-resolve ang smtp.gmail.com (DNS). HINDI ito problema sa iyong Gmail address o App Password (kung magkaiba ang error na ito sa isang "Invalid login"/535 error). Solusyon: (1) tiyaking may stable na WiFi/mobile data connection, (2) subukang lumipat ng network (WiFi ↔ mobile data) at ulitin, o (3) i-configure ang GMAIL_OAUTH_CLIENT_ID / GMAIL_OAUTH_CLIENT_SECRET / GMAIL_OAUTH_REFRESH_TOKEN env vars bilang HTTPS fallback na hindi apektado ng SMTP port issues.
ℹ️  Natanggap ang SIGTERM — nagse-save muna ng huling snapshot sa Postgres bago mag-exit...
[2026-09-04 19:43:33] 🛑 Ihihinto ang supervisor loop (signal received).
[2026-09-04 19:43:36] 🔒 Termux wake-lock enabled (pinipigilan ng Android na i-kill ang session).
[2026-09-04 19:43:39] 🚀 OMNIPOS supervisor loop — sinisimulan ang server.js...
🔄 Naibalik ang 1 aktibong session mula sa huling pagkaka-save (bago pa mag-restart).
⏸️  Naka-disable ang auto-backup (DISABLE_AUTO_BACKUP=true sa .env). Alisin/i-false ang env var para i-enable ulit ito.
💳 Na-load ang cached Cloud Backup pricing mula RELAY (huling na-fetch: 2026-09-04T11:43:22.725Z).
ℹ️  [cloud-snapshot] Walang OMNIPOS_FIXED_INSTALLATION_ID at/o DATABASE_URL na naka-set — nilaktawan ang cloud restore.
Server running at http://localhost:3000
MODE: Development (Localhost Access Only)
ℹ️  Natanggap ang SIGTERM — nagse-save muna ng huling snapshot sa Postgres bago mag-exit...
[2026-09-04 19:55:30] 🛑 Ihihinto ang supervisor loop (signal received).
[2026-09-04 19:55:33] 🔒 Termux wake-lock enabled (pinipigilan ng Android na i-kill ang session).
[2026-09-04 19:55:36] 🚀 OMNIPOS supervisor loop — sinisimulan ang server.js...
🔄 Naibalik ang 1 aktibong session mula sa huling pagkaka-save (bago pa mag-restart).
⏸️  Naka-disable ang auto-backup (DISABLE_AUTO_BACKUP=true sa .env). Alisin/i-false ang env var para i-enable ulit ito.
💳 Na-load ang cached Cloud Backup pricing mula RELAY (huling na-fetch: 2026-09-04T11:44:57.794Z).
ℹ️  [cloud-snapshot] Walang OMNIPOS_FIXED_INSTALLATION_ID at/o DATABASE_URL na naka-set — nilaktawan ang cloud restore.
Server running at http://localhost:3000
MODE: Development (Localhost Access Only)
ℹ️  Natanggap ang SIGTERM — nagse-save muna ng huling snapshot sa Postgres bago mag-exit...
[2026-09-04 20:09:03] 🛑 Ihihinto ang supervisor loop (signal received).
[2026-09-04 20:09:05] 🔒 Termux wake-lock enabled (pinipigilan ng Android na i-kill ang session).
[2026-09-04 20:09:08] 🚀 OMNIPOS supervisor loop — sinisimulan ang server.js...
🔄 Naibalik ang 1 aktibong session mula sa huling pagkaka-save (bago pa mag-restart).
⏸️  Naka-disable ang auto-backup (DISABLE_AUTO_BACKUP=true sa .env). Alisin/i-false ang env var para i-enable ulit ito.
💳 Na-load ang cached Cloud Backup pricing mula RELAY (huling na-fetch: 2026-09-04T11:57:17.181Z).
ℹ️  [cloud-snapshot] Walang OMNIPOS_FIXED_INSTALLATION_ID at/o DATABASE_URL na naka-set — nilaktawan ang cloud restore.
Server running at http://localhost:3000
MODE: Development (Localhost Access Only)
[2026-09-04 22:33:06] ⚠️  May natirang lock file mula sa dating session (PID 22546, hindi na tumatakbo) — nililinis.
[2026-09-04 22:33:06] 🔒 Termux wake-lock enabled (pinipigilan ng Android na i-kill ang session).
[2026-09-04 22:33:09] 🚀 OMNIPOS supervisor loop — sinisimulan ang server.js...
⏸️  Naka-disable ang auto-backup (DISABLE_AUTO_BACKUP=true sa .env). Alisin/i-false ang env var para i-enable ulit ito.
💳 Na-load ang cached Cloud Backup pricing mula RELAY (huling na-fetch: 2026-09-04T12:41:35.206Z).
ℹ️  [cloud-snapshot] Walang OMNIPOS_FIXED_INSTALLATION_ID at/o DATABASE_URL na naka-set — nilaktawan ang cloud restore.
⚠️  Hindi na-fetch ang Cloud Backup pricing mula RELAY (offline/timeout?) — gagamitin ang huling cache/fallback: Walang internet connection na na-detect sa device na ito.
Server running at http://localhost:3000
MODE: Development (Localhost Access Only)
[2026-09-04 22:34:08] ⚠️  May natirang lock file mula sa dating session (PID 20683, hindi na tumatakbo) — nililinis.
[2026-09-04 22:34:08] 🔒 Termux wake-lock enabled (pinipigilan ng Android na i-kill ang session).
[2026-09-04 22:34:11] 🚀 OMNIPOS supervisor loop — sinisimulan ang server.js...
⏸️  Naka-disable ang auto-backup (DISABLE_AUTO_BACKUP=true sa .env). Alisin/i-false ang env var para i-enable ulit ito.
💳 Na-load ang cached Cloud Backup pricing mula RELAY (huling na-fetch: 2026-09-04T12:41:35.206Z).
ℹ️  [cloud-snapshot] Walang OMNIPOS_FIXED_INSTALLATION_ID at/o DATABASE_URL na naka-set — nilaktawan ang cloud restore.
⚠️  Hindi na-fetch ang Cloud Backup pricing mula RELAY (offline/timeout?) — gagamitin ang huling cache/fallback: Walang internet connection na na-detect sa device na ito.
Server running at http://localhost:3000
MODE: Development (Localhost Access Only)
⚠️  Hindi na-fetch ang Cloud Backup pricing mula RELAY (offline/timeout?) — gagamitin ang huling cache/fallback: This operation was aborted
[2026-09-05 04:02:07] 🔒 Termux wake-lock enabled (pinipigilan ng Android na i-kill ang session).
[2026-09-05 04:02:10] 🚀 OMNIPOS supervisor loop — sinisimulan ang server.js...
🔄 Naibalik ang 1 aktibong session mula sa huling pagkaka-save (bago pa mag-restart).
⏸️  Naka-disable ang auto-backup (DISABLE_AUTO_BACKUP=true sa .env). Alisin/i-false ang env var para i-enable ulit ito.
💳 Na-load ang cached Cloud Backup pricing mula RELAY (huling na-fetch: 2026-09-04T15:34:12.941Z).
ℹ️  [cloud-snapshot] Walang OMNIPOS_FIXED_INSTALLATION_ID at/o DATABASE_URL na naka-set — nilaktawan ang cloud restore.
Server running at http://localhost:3000
MODE: Development (Localhost Access Only)
[2026-09-05 05:55:48] ⚠️  May natirang lock file mula sa dating session (PID 17054, hindi na tumatakbo) — nililinis.
[2026-09-05 05:55:49] 🔒 Termux wake-lock enabled (pinipigilan ng Android na i-kill ang session).
[2026-09-05 05:55:52] 🚀 OMNIPOS supervisor loop — sinisimulan ang server.js...
🔄 Naibalik ang 1 aktibong session mula sa huling pagkaka-save (bago pa mag-restart).
⏸️  Naka-disable ang auto-backup (DISABLE_AUTO_BACKUP=true sa .env). Alisin/i-false ang env var para i-enable ulit ito.
💳 Na-load ang cached Cloud Backup pricing mula RELAY (huling na-fetch: 2026-09-04T20:04:35.772Z).
ℹ️  [cloud-snapshot] Walang OMNIPOS_FIXED_INSTALLATION_ID at/o DATABASE_URL na naka-set — nilaktawan ang cloud restore.
Server running at http://localhost:3000
MODE: Development (Localhost Access Only)
[2026-09-05 06:38:28] ⚠️  May natirang lock file mula sa dating session (PID 6987, hindi na tumatakbo) — nililinis.
[2026-09-05 06:38:29] 🔒 Termux wake-lock enabled (pinipigilan ng Android na i-kill ang session).
[2026-09-05 06:38:32] 🚀 OMNIPOS supervisor loop — sinisimulan ang server.js...
🔄 Naibalik ang 1 aktibong session mula sa huling pagkaka-save (bago pa mag-restart).
⏸️  Naka-disable ang auto-backup (DISABLE_AUTO_BACKUP=true sa .env). Alisin/i-false ang env var para i-enable ulit ito.
💳 Na-load ang cached Cloud Backup pricing mula RELAY (huling na-fetch: 2026-09-04T21:55:54.483Z).
ℹ️  [cloud-snapshot] Walang OMNIPOS_FIXED_INSTALLATION_ID at/o DATABASE_URL na naka-set — nilaktawan ang cloud restore.
Server running at http://localhost:3000
MODE: Development (Localhost Access Only)
ℹ️  Natanggap ang SIGTERM — nagse-save muna ng huling snapshot sa Postgres bago mag-exit...
[2026-09-05 07:25:15] 🛑 Ihihinto ang supervisor loop (signal received).
[2026-09-05 07:25:18] 🔒 Termux wake-lock enabled (pinipigilan ng Android na i-kill ang session).
[2026-09-05 07:25:21] 🚀 OMNIPOS supervisor loop — sinisimulan ang server.js...
🔄 Naibalik ang 1 aktibong session mula sa huling pagkaka-save (bago pa mag-restart).
⏸️  Naka-disable ang auto-backup (DISABLE_AUTO_BACKUP=true sa .env). Alisin/i-false ang env var para i-enable ulit ito.
💳 Na-load ang cached Cloud Backup pricing mula RELAY (huling na-fetch: 2026-09-04T23:24:16.066Z).
ℹ️  [cloud-snapshot] Walang OMNIPOS_FIXED_INSTALLATION_ID at/o DATABASE_URL na naka-set — nilaktawan ang cloud restore.
Server running at http://localhost:3000
MODE: Development (Localhost Access Only)
[2026-09-05 08:29:38] ⚠️  May natirang lock file mula sa dating session (PID 14618, hindi na tumatakbo) — nililinis.
[2026-09-05 08:29:39] 🔒 Termux wake-lock enabled (pinipigilan ng Android na i-kill ang session).
[2026-09-05 08:29:42] 🚀 OMNIPOS supervisor loop — sinisimulan ang server.js...
🔄 Naibalik ang 1 aktibong session mula sa huling pagkaka-save (bago pa mag-restart).
⏸️  Naka-disable ang auto-backup (DISABLE_AUTO_BACKUP=true sa .env). Alisin/i-false ang env var para i-enable ulit ito.
💳 Na-load ang cached Cloud Backup pricing mula RELAY (huling na-fetch: 2026-09-04T23:56:23.123Z).
ℹ️  [cloud-snapshot] Walang OMNIPOS_FIXED_INSTALLATION_ID at/o DATABASE_URL na naka-set — nilaktawan ang cloud restore.
Server running at http://localhost:3000
MODE: Development (Localhost Access Only)
⚠️  Hindi na-fetch ang Cloud Backup pricing mula RELAY (offline/timeout?) — gagamitin ang huling cache/fallback: This operation was aborted
⚠️  Could not reach Relay for auto-restore check: This operation was aborted
⚠️  Could not reach Relay for auto-restore check: This operation was aborted
ℹ️  Natanggap ang SIGINT — nagse-save muna ng huling snapshot sa Postgres bago mag-exit...
[2026-09-05 09:29:40] 🛑 Ihihinto ang supervisor loop (signal received).
[2026-09-05 10:55:53] ⚠️  May natirang lock file mula sa dating session (PID 3188, hindi na tumatakbo) — nililinis.
[2026-09-05 10:55:54] 🔒 Termux wake-lock enabled (pinipigilan ng Android na i-kill ang session).
[2026-09-05 10:55:57] 🚀 OMNIPOS supervisor loop — sinisimulan ang server.js...
🔄 Naibalik ang 1 aktibong session mula sa huling pagkaka-save (bago pa mag-restart).
⏸️  Naka-disable ang auto-backup (DISABLE_AUTO_BACKUP=true sa .env). Alisin/i-false ang env var para i-enable ulit ito.
💳 Na-load ang cached Cloud Backup pricing mula RELAY (huling na-fetch: 2026-09-05T01:08:50.697Z).
ℹ️  [cloud-snapshot] Walang OMNIPOS_FIXED_INSTALLATION_ID at/o DATABASE_URL na naka-set — nilaktawan ang cloud restore.
Server running at http://localhost:3000
MODE: Development (Localhost Access Only)
⚠️  Hindi na-fetch ang Cloud Backup pricing mula RELAY (offline/timeout?) — gagamitin ang huling cache/fallback: This operation was aborted
⚠️  Could not reach Relay for auto-restore check: This operation was aborted
ℹ️  Natanggap ang SIGINT — nagse-save muna ng huling snapshot sa Postgres bago mag-exit...
[2026-09-05 11:17:41] 🛑 Ihihinto ang supervisor loop (signal received).
[2026-09-05 11:42:34] ⚠️  May natirang lock file mula sa dating session (PID 7761, hindi na tumatakbo) — nililinis.
[2026-09-05 11:42:34] 🔒 Termux wake-lock enabled (pinipigilan ng Android na i-kill ang session).
[2026-09-05 11:42:38] 🚀 OMNIPOS supervisor loop — sinisimulan ang server.js...
🔄 Naibalik ang 1 aktibong session mula sa huling pagkaka-save (bago pa mag-restart).
⏸️  Naka-disable ang auto-backup (DISABLE_AUTO_BACKUP=true sa .env). Alisin/i-false ang env var para i-enable ulit ito.
💳 Na-load ang cached Cloud Backup pricing mula RELAY (huling na-fetch: 2026-09-05T03:16:30.126Z).
ℹ️  [cloud-snapshot] Walang OMNIPOS_FIXED_INSTALLATION_ID at/o DATABASE_URL na naka-set — nilaktawan ang cloud restore.
Server running at http://localhost:3000
MODE: Development (Localhost Access Only)
[2026-09-05 12:24:21] ⚠️  May natirang lock file mula sa dating session (PID 18031, hindi na tumatakbo) — nililinis.
[2026-09-05 12:24:22] 🔒 Termux wake-lock enabled (pinipigilan ng Android na i-kill ang session).
[2026-09-05 12:24:25] 🚀 OMNIPOS supervisor loop — sinisimulan ang server.js...
🔄 Naibalik ang 1 aktibong session mula sa huling pagkaka-save (bago pa mag-restart).
⏸️  Naka-disable ang auto-backup (DISABLE_AUTO_BACKUP=true sa .env). Alisin/i-false ang env var para i-enable ulit ito.
💳 Na-load ang cached Cloud Backup pricing mula RELAY (huling na-fetch: 2026-09-05T03:42:40.628Z).
ℹ️  [cloud-snapshot] Walang OMNIPOS_FIXED_INSTALLATION_ID at/o DATABASE_URL na naka-set — nilaktawan ang cloud restore.
Server running at http://localhost:3000
MODE: Development (Localhost Access Only)
ℹ️  Natanggap ang SIGTERM — nagse-save muna ng huling snapshot sa Postgres bago mag-exit...
[2026-09-05 13:40:31] 🛑 Ihihinto ang supervisor loop (signal received).
[2026-09-05 13:40:34] 🔒 Termux wake-lock enabled (pinipigilan ng Android na i-kill ang session).
[2026-09-05 13:40:37] 🚀 OMNIPOS supervisor loop — sinisimulan ang server.js...
🔄 Naibalik ang 1 aktibong session mula sa huling pagkaka-save (bago pa mag-restart).
⏸️  Naka-disable ang auto-backup (DISABLE_AUTO_BACKUP=true sa .env). Alisin/i-false ang env var para i-enable ulit ito.
💳 Na-load ang cached Cloud Backup pricing mula RELAY (huling na-fetch: 2026-09-05T05:30:23.101Z).
ℹ️  [cloud-snapshot] Walang OMNIPOS_FIXED_INSTALLATION_ID at/o DATABASE_URL na naka-set — nilaktawan ang cloud restore.
Server running at http://localhost:3000
MODE: Development (Localhost Access Only)
ℹ️  Natanggap ang SIGTERM — nagse-save muna ng huling snapshot sa Postgres bago mag-exit...
[2026-09-05 14:36:59] 🛑 Ihihinto ang supervisor loop (signal received).
[2026-09-05 14:37:02] 🔒 Termux wake-lock enabled (pinipigilan ng Android na i-kill ang session).
[2026-09-05 14:37:05] 🚀 OMNIPOS supervisor loop — sinisimulan ang server.js...
🔄 Naibalik ang 1 aktibong session mula sa huling pagkaka-save (bago pa mag-restart).
⏸️  Naka-disable ang auto-backup (DISABLE_AUTO_BACKUP=true sa .env). Alisin/i-false ang env var para i-enable ulit ito.
💳 Na-load ang cached Cloud Backup pricing mula RELAY (huling na-fetch: 2026-09-05T06:27:15.618Z).
ℹ️  [cloud-snapshot] Walang OMNIPOS_FIXED_INSTALLATION_ID at/o DATABASE_URL na naka-set — nilaktawan ang cloud restore.
Server running at http://localhost:3000
MODE: Development (Localhost Access Only)
[2026-09-06 02:03:00] ⚠️  May natirang lock file mula sa dating session (PID 31321, hindi na tumatakbo) — nililinis.
[2026-09-06 02:03:01] 🔒 Termux wake-lock enabled (pinipigilan ng Android na i-kill ang session).
[2026-09-06 02:03:04] 🚀 OMNIPOS supervisor loop — sinisimulan ang server.js...
⏸️  Naka-disable ang auto-backup (DISABLE_AUTO_BACKUP=true sa .env). Alisin/i-false ang env var para i-enable ulit ito.
💳 Na-load ang cached Cloud Backup pricing mula RELAY (huling na-fetch: 2026-09-05T11:47:11.489Z).
ℹ️  [cloud-snapshot] Walang OMNIPOS_FIXED_INSTALLATION_ID at/o DATABASE_URL na naka-set — nilaktawan ang cloud restore.
Server running at http://localhost:3000
MODE: Development (Localhost Access Only)
ℹ️  Natanggap ang SIGTERM — nagse-save muna ng huling snapshot sa Postgres bago mag-exit...
[2026-09-06 03:06:41] 🛑 Ihihinto ang supervisor loop (signal received).
[2026-09-06 03:06:43] 🔒 Termux wake-lock enabled (pinipigilan ng Android na i-kill ang session).
[2026-09-06 03:06:46] 🚀 OMNIPOS supervisor loop — sinisimulan ang server.js...
🔄 Naibalik ang 1 aktibong session mula sa huling pagkaka-save (bago pa mag-restart).
⏸️  Naka-disable ang auto-backup (DISABLE_AUTO_BACKUP=true sa .env). Alisin/i-false ang env var para i-enable ulit ito.
💳 Na-load ang cached Cloud Backup pricing mula RELAY (huling na-fetch: 2026-09-05T19:03:06.110Z).
ℹ️  [cloud-snapshot] Walang OMNIPOS_FIXED_INSTALLATION_ID at/o DATABASE_URL na naka-set — nilaktawan ang cloud restore.
Server running at http://localhost:3000
MODE: Development (Localhost Access Only)
ℹ️  Natanggap ang SIGTERM — nagse-save muna ng huling snapshot sa Postgres bago mag-exit...
[2026-09-06 03:22:29] 🛑 Ihihinto ang supervisor loop (signal received).
[2026-09-06 03:22:32] 🔒 Termux wake-lock enabled (pinipigilan ng Android na i-kill ang session).
[2026-09-06 03:22:35] 🚀 OMNIPOS supervisor loop — sinisimulan ang server.js...
🔄 Naibalik ang 1 aktibong session mula sa huling pagkaka-save (bago pa mag-restart).
⏸️  Naka-disable ang auto-backup (DISABLE_AUTO_BACKUP=true sa .env). Alisin/i-false ang env var para i-enable ulit ito.
💳 Na-load ang cached Cloud Backup pricing mula RELAY (huling na-fetch: 2026-09-05T19:22:13.361Z).
ℹ️  [cloud-snapshot] Walang OMNIPOS_FIXED_INSTALLATION_ID at/o DATABASE_URL na naka-set — nilaktawan ang cloud restore.
Server running at http://localhost:3000
MODE: Development (Localhost Access Only)
⚠️  Hindi na-fetch ang Cloud Backup pricing mula RELAY (offline/timeout?) — gagamitin ang huling cache/fallback: fetch failed
⚠️  Could not reach Relay for auto-restore check: fetch failed
ℹ️  Natanggap ang SIGTERM — nagse-save muna ng huling snapshot sa Postgres bago mag-exit...
[2026-09-06 06:52:05] 🛑 Ihihinto ang supervisor loop (signal received).
[2026-09-06 06:52:08] 🔒 Termux wake-lock enabled (pinipigilan ng Android na i-kill ang session).
[2026-09-06 06:52:11] 🚀 OMNIPOS supervisor loop — sinisimulan ang server.js...
🔄 Naibalik ang 1 aktibong session mula sa huling pagkaka-save (bago pa mag-restart).
⏸️  Naka-disable ang auto-backup (DISABLE_AUTO_BACKUP=true sa .env). Alisin/i-false ang env var para i-enable ulit ito.
💳 Na-load ang cached Cloud Backup pricing mula RELAY (huling na-fetch: 2026-09-05T22:47:38.534Z).
ℹ️  [cloud-snapshot] Walang OMNIPOS_FIXED_INSTALLATION_ID at/o DATABASE_URL na naka-set — nilaktawan ang cloud restore.
Server running at http://localhost:3000
MODE: Development (Localhost Access Only)
ℹ️  Natanggap ang SIGTERM — nagse-save muna ng huling snapshot sa Postgres bago mag-exit...
[2026-09-06 07:07:49] 🛑 Ihihinto ang supervisor loop (signal received).
[2026-09-06 07:07:52] 🔒 Termux wake-lock enabled (pinipigilan ng Android na i-kill ang session).
[2026-09-06 07:07:55] 🚀 OMNIPOS supervisor loop — sinisimulan ang server.js...
🔄 Naibalik ang 1 aktibong session mula sa huling pagkaka-save (bago pa mag-restart).
⏸️  Naka-disable ang auto-backup (DISABLE_AUTO_BACKUP=true sa .env). Alisin/i-false ang env var para i-enable ulit ito.
💳 Na-load ang cached Cloud Backup pricing mula RELAY (huling na-fetch: 2026-09-05T23:00:40.372Z).
ℹ️  [cloud-snapshot] Walang OMNIPOS_FIXED_INSTALLATION_ID at/o DATABASE_URL na naka-set — nilaktawan ang cloud restore.
Server running at http://localhost:3000
MODE: Development (Localhost Access Only)
[2026-09-06 09:43:39] ⚠️  May natirang lock file mula sa dating session (PID 16601, hindi na tumatakbo) — nililinis.
[2026-09-06 09:43:40] 🔒 Termux wake-lock enabled (pinipigilan ng Android na i-kill ang session).
[2026-09-06 09:43:43] 🚀 OMNIPOS supervisor loop — sinisimulan ang server.js...
🔄 Naibalik ang 1 aktibong session mula sa huling pagkaka-save (bago pa mag-restart).
⏸️  Naka-disable ang auto-backup (DISABLE_AUTO_BACKUP=true sa .env). Alisin/i-false ang env var para i-enable ulit ito.
💳 Na-load ang cached Cloud Backup pricing mula RELAY (huling na-fetch: 2026-09-05T23:09:39.116Z).
ℹ️  [cloud-snapshot] Walang OMNIPOS_FIXED_INSTALLATION_ID at/o DATABASE_URL na naka-set — nilaktawan ang cloud restore.
⚠️  Hindi na-fetch ang Cloud Backup pricing mula RELAY (offline/timeout?) — gagamitin ang huling cache/fallback: Walang internet connection na na-detect sa device na ito.
Server running at http://localhost:3000
MODE: Development (Localhost Access Only)
⚠️  Hindi na-fetch ang Cloud Backup pricing mula RELAY (offline/timeout?) — gagamitin ang huling cache/fallback: Walang internet connection na na-detect sa device na ito.
⚠️  Hindi na-fetch ang Cloud Backup pricing mula RELAY (offline/timeout?) — gagamitin ang huling cache/fallback: Walang internet connection na na-detect sa device na ito.
Email receipt failed: getaddrinfo ENOTFOUND smtp.gmail.com
Email receipt failed: Hindi maka-konekta sa Gmail SMTP mula sa server na ito (Detalye: ETIMEDOUT). Dahil hindi ito Render (lokal na network/Termux ito), HINDI malamang na server hosting policy ang dahilan — malamang ito ay: (1) pansamantalang walang/unstable na internet connection ang device sa oras ng pagsubok, (2) bina-block ng mobile carrier/ISP mo ang outbound SMTP ports (25/465/587) sa network na ginagamit mo, o (3) pansamantalang hindi na-resolve ang smtp.gmail.com (DNS). HINDI ito problema sa iyong Gmail address o App Password (kung magkaiba ang error na ito sa isang "Invalid login"/535 error). Solusyon: (1) tiyaking may stable na WiFi/mobile data connection, (2) subukang lumipat ng network (WiFi ↔ mobile data) at ulitin, o (3) i-configure ang GMAIL_OAUTH_CLIENT_ID / GMAIL_OAUTH_CLIENT_SECRET / GMAIL_OAUTH_REFRESH_TOKEN env vars bilang HTTPS fallback na hindi apektado ng SMTP port issues.
⚠️  Hindi na-fetch ang Cloud Backup pricing mula RELAY (offline/timeout?) — gagamitin ang huling cache/fallback: Walang internet connection na na-detect sa device na ito.
⚠️  Hindi na-fetch ang Cloud Backup pricing mula RELAY (offline/timeout?) — gagamitin ang huling cache/fallback: Walang internet connection na na-detect sa device na ito.
⚠️  Hindi na-fetch ang Cloud Backup pricing mula RELAY (offline/timeout?) — gagamitin ang huling cache/fallback: Walang internet connection na na-detect sa device na ito.
[2026-09-06 11:16:49] ⚠️  May natirang lock file mula sa dating session (PID 13082, hindi na tumatakbo) — nililinis.
[2026-09-06 11:16:50] 🔒 Termux wake-lock enabled (pinipigilan ng Android na i-kill ang session).
[2026-09-06 11:16:53] 🚀 OMNIPOS supervisor loop — sinisimulan ang server.js...
🔄 Naibalik ang 1 aktibong session mula sa huling pagkaka-save (bago pa mag-restart).
⏸️  Naka-disable ang auto-backup (DISABLE_AUTO_BACKUP=true sa .env). Alisin/i-false ang env var para i-enable ulit ito.
💳 Na-load ang cached Cloud Backup pricing mula RELAY (huling na-fetch: 2026-09-05T23:09:39.116Z).
ℹ️  [cloud-snapshot] Walang OMNIPOS_FIXED_INSTALLATION_ID at/o DATABASE_URL na naka-set — nilaktawan ang cloud restore.
⚠️  Hindi na-fetch ang Cloud Backup pricing mula RELAY (offline/timeout?) — gagamitin ang huling cache/fallback: Walang internet connection na na-detect sa device na ito.
Server running at http://localhost:3000
MODE: Development (Localhost Access Only)
⚠️  Hindi na-fetch ang Cloud Backup pricing mula RELAY (offline/timeout?) — gagamitin ang huling cache/fallback: Walang internet connection na na-detect sa device na ito.
⚠️  Hindi na-fetch ang Cloud Backup pricing mula RELAY (offline/timeout?) — gagamitin ang huling cache/fallback: Walang internet connection na na-detect sa device na ito.
[2026-09-06 12:24:26] ⚠️  May natirang lock file mula sa dating session (PID 19181, hindi na tumatakbo) — nililinis.
[2026-09-06 12:24:26] 🔒 Termux wake-lock enabled (pinipigilan ng Android na i-kill ang session).
[2026-09-06 12:24:30] 🚀 OMNIPOS supervisor loop — sinisimulan ang server.js...
🔄 Naibalik ang 1 aktibong session mula sa huling pagkaka-save (bago pa mag-restart).
⏸️  Naka-disable ang auto-backup (DISABLE_AUTO_BACKUP=true sa .env). Alisin/i-false ang env var para i-enable ulit ito.
💳 Na-load ang cached Cloud Backup pricing mula RELAY (huling na-fetch: 2026-09-05T23:09:39.116Z).
ℹ️  [cloud-snapshot] Walang OMNIPOS_FIXED_INSTALLATION_ID at/o DATABASE_URL na naka-set — nilaktawan ang cloud restore.
Server running at http://localhost:3000
MODE: Development (Localhost Access Only)
[2026-09-06 17:21:56] ⚠️  May natirang lock file mula sa dating session (PID 29403, hindi na tumatakbo) — nililinis.
[2026-09-06 17:21:57] 🔒 Termux wake-lock enabled (pinipigilan ng Android na i-kill ang session).
[2026-09-06 17:22:00] 🚀 OMNIPOS supervisor loop — sinisimulan ang server.js...
🔄 Naibalik ang 1 aktibong session mula sa huling pagkaka-save (bago pa mag-restart).
⏸️  Naka-disable ang auto-backup (DISABLE_AUTO_BACKUP=true sa .env). Alisin/i-false ang env var para i-enable ulit ito.
💳 Na-load ang cached Cloud Backup pricing mula RELAY (huling na-fetch: 2026-09-06T04:54:31.957Z).
ℹ️  [cloud-snapshot] Walang OMNIPOS_FIXED_INSTALLATION_ID at/o DATABASE_URL na naka-set — nilaktawan ang cloud restore.
Server running at http://localhost:3000
MODE: Development (Localhost Access Only)
⚠️  Hindi na-fetch ang Cloud Backup pricing mula RELAY (offline/timeout?) — gagamitin ang huling cache/fallback: This operation was aborted
⚠️  Hindi na-fetch ang Cloud Backup pricing mula RELAY (offline/timeout?) — gagamitin ang huling cache/fallback: Walang internet connection na na-detect sa device na ito.
ℹ️  Natanggap ang SIGTERM — nagse-save muna ng huling snapshot sa Postgres bago mag-exit...
[2026-09-06 17:30:45] 🛑 Ihihinto ang supervisor loop (signal received).
[2026-09-06 17:30:47] 🔒 Termux wake-lock enabled (pinipigilan ng Android na i-kill ang session).
[2026-09-06 17:30:50] 🚀 OMNIPOS supervisor loop — sinisimulan ang server.js...
🔄 Naibalik ang 1 aktibong session mula sa huling pagkaka-save (bago pa mag-restart).
⏸️  Naka-disable ang auto-backup (DISABLE_AUTO_BACKUP=true sa .env). Alisin/i-false ang env var para i-enable ulit ito.
💳 Na-load ang cached Cloud Backup pricing mula RELAY (huling na-fetch: 2026-09-06T09:30:37.244Z).
ℹ️  [cloud-snapshot] Walang OMNIPOS_FIXED_INSTALLATION_ID at/o DATABASE_URL na naka-set — nilaktawan ang cloud restore.
Server running at http://localhost:3000
MODE: Development (Localhost Access Only)
ℹ️  Natanggap ang SIGTERM — nagse-save muna ng huling snapshot sa Postgres bago mag-exit...
[2026-09-06 18:02:32] 🛑 Ihihinto ang supervisor loop (signal received).
[2026-09-06 18:02:35] 🔒 Termux wake-lock enabled (pinipigilan ng Android na i-kill ang session).
[2026-09-06 18:02:38] 🚀 OMNIPOS supervisor loop — sinisimulan ang server.js...
🔄 Naibalik ang 1 aktibong session mula sa huling pagkaka-save (bago pa mag-restart).
⏸️  Naka-disable ang auto-backup (DISABLE_AUTO_BACKUP=true sa .env). Alisin/i-false ang env var para i-enable ulit ito.
💳 Na-load ang cached Cloud Backup pricing mula RELAY (huling na-fetch: 2026-09-06T10:02:26.356Z).
ℹ️  [cloud-snapshot] Walang OMNIPOS_FIXED_INSTALLATION_ID at/o DATABASE_URL na naka-set — nilaktawan ang cloud restore.
Server running at http://localhost:3000
MODE: Development (Localhost Access Only)
ℹ️  Natanggap ang SIGTERM — nagse-save muna ng huling snapshot sa Postgres bago mag-exit...
[2026-09-06 18:55:00] 🛑 Ihihinto ang supervisor loop (signal received).
[2026-09-06 18:55:02] 🔒 Termux wake-lock enabled (pinipigilan ng Android na i-kill ang session).
[2026-09-06 18:55:05] 🚀 OMNIPOS supervisor loop — sinisimulan ang server.js...
🔄 Naibalik ang 1 aktibong session mula sa huling pagkaka-save (bago pa mag-restart).
⏸️  Naka-disable ang auto-backup (DISABLE_AUTO_BACKUP=true sa .env). Alisin/i-false ang env var para i-enable ulit ito.
💳 Na-load ang cached Cloud Backup pricing mula RELAY (huling na-fetch: 2026-09-06T10:54:59.182Z).
ℹ️  [cloud-snapshot] Walang OMNIPOS_FIXED_INSTALLATION_ID at/o DATABASE_URL na naka-set — nilaktawan ang cloud restore.
Server running at http://localhost:3000
MODE: Development (Localhost Access Only)
⚠️  Omni Search Images (job 1cec7f8fa86551e198b70c6a967c6ca8): background worker exited early (code 1) — automatically switching to the in-process fallback so the search still completes.
ℹ️  Natanggap ang SIGTERM — nagse-save muna ng huling snapshot sa Postgres bago mag-exit...
[2026-09-06 19:01:20] 🛑 Ihihinto ang supervisor loop (signal received).
[2026-09-06 19:01:22] 🔒 Termux wake-lock enabled (pinipigilan ng Android na i-kill ang session).
[2026-09-06 19:01:25] 🚀 OMNIPOS supervisor loop — sinisimulan ang server.js...
🔄 Naibalik ang 1 aktibong session mula sa huling pagkaka-save (bago pa mag-restart).
⏸️  Naka-disable ang auto-backup (DISABLE_AUTO_BACKUP=true sa .env). Alisin/i-false ang env var para i-enable ulit ito.
💳 Na-load ang cached Cloud Backup pricing mula RELAY (huling na-fetch: 2026-09-06T10:58:27.434Z).
ℹ️  [cloud-snapshot] Walang OMNIPOS_FIXED_INSTALLATION_ID at/o DATABASE_URL na naka-set — nilaktawan ang cloud restore.
Server running at http://localhost:3000
MODE: Development (Localhost Access Only)
[2026-09-06 19:02:07] ⚠️  May natirang lock file mula sa dating session (PID 26383, hindi na tumatakbo) — nililinis.
[2026-09-06 19:02:08] 🔒 Termux wake-lock enabled (pinipigilan ng Android na i-kill ang session).
[2026-09-06 19:02:11] 🚀 OMNIPOS supervisor loop — sinisimulan ang server.js...
🔄 Naibalik ang 1 aktibong session mula sa huling pagkaka-save (bago pa mag-restart).
⏸️  Naka-disable ang auto-backup (DISABLE_AUTO_BACKUP=true sa .env). Alisin/i-false ang env var para i-enable ulit ito.
💳 Na-load ang cached Cloud Backup pricing mula RELAY (huling na-fetch: 2026-09-06T11:01:27.243Z).
ℹ️  [cloud-snapshot] Walang OMNIPOS_FIXED_INSTALLATION_ID at/o DATABASE_URL na naka-set — nilaktawan ang cloud restore.
Server running at http://localhost:3000
MODE: Development (Localhost Access Only)
ℹ️  Natanggap ang SIGTERM — nagse-save muna ng huling snapshot sa Postgres bago mag-exit...
[2026-09-06 19:25:53] 🛑 Ihihinto ang supervisor loop (signal received).
[2026-09-06 19:25:55] 🔒 Termux wake-lock enabled (pinipigilan ng Android na i-kill ang session).
[2026-09-06 19:25:58] 🚀 OMNIPOS supervisor loop — sinisimulan ang server.js...
🔄 Naibalik ang 1 aktibong session mula sa huling pagkaka-save (bago pa mag-restart).
⏸️  Naka-disable ang auto-backup (DISABLE_AUTO_BACKUP=true sa .env). Alisin/i-false ang env var para i-enable ulit ito.
💳 Na-load ang cached Cloud Backup pricing mula RELAY (huling na-fetch: 2026-09-06T11:04:14.331Z).
ℹ️  [cloud-snapshot] Walang OMNIPOS_FIXED_INSTALLATION_ID at/o DATABASE_URL na naka-set — nilaktawan ang cloud restore.
Server running at http://localhost:3000
MODE: Development (Localhost Access Only)
⚠️  Omni Search Images (job 980843f25f568052f6009f2125d09351): background worker exited early (code 1) — automatically switching to the in-process fallback so the search still completes.
ℹ️  Natanggap ang SIGTERM — nagse-save muna ng huling snapshot sa Postgres bago mag-exit...
[2026-09-06 19:37:29] 🛑 Ihihinto ang supervisor loop (signal received).
[2026-09-06 19:37:31] 🔒 Termux wake-lock enabled (pinipigilan ng Android na i-kill ang session).
[2026-09-06 19:37:34] 🚀 OMNIPOS supervisor loop — sinisimulan ang server.js...
🔄 Naibalik ang 1 aktibong session mula sa huling pagkaka-save (bago pa mag-restart).
⏸️  Naka-disable ang auto-backup (DISABLE_AUTO_BACKUP=true sa .env). Alisin/i-false ang env var para i-enable ulit ito.
💳 Na-load ang cached Cloud Backup pricing mula RELAY (huling na-fetch: 2026-09-06T11:36:21.710Z).
ℹ️  [cloud-snapshot] Walang OMNIPOS_FIXED_INSTALLATION_ID at/o DATABASE_URL na naka-set — nilaktawan ang cloud restore.
Server running at http://localhost:3000
MODE: Development (Localhost Access Only)
⚠️  Omni Search Images (job 33973af52d66394334f8f3e40c5b63a0): background worker exited early (code 1) — automatically switching to the in-process fallback so the search still completes.
Omni Search Images fetch error for BRK-001 (https://www.bugseats.com/wp-content/uploads/2025/12/1764852603/sfp500160-brake-pad-set-front-unibrakes.webp): Error: Nag-timeout habang kinukuha ang image.
    at ClientRequest.<anonymous> (/data/data/com.termux/files/home/OMNIPOS/server.js:1802:49)
    at ClientRequest.emit (node:events:509:20)
    at TLSSocket.emitRequestTimeout (node:_http_client:961:9)
    at Object.onceWrapper (node:events:630:28)
    at TLSSocket.emit (node:events:521:24)
    at Socket._onTimeout (node:net:740:8)
    at listOnTimeout (node:internal/timers:605:17)
    at process.processTimers (node:internal/timers:541:7)
Omni Search Images fetch error for SPK-002 (https://www.scooterstreet.com.au/wp-content/uploads/2020/10/CR7HSA.jpg): Error: Nagbalik ng HTTP 403 ang image host.
    at ClientRequest.<anonymous> (/data/data/com.termux/files/home/OMNIPOS/server.js:1781:35)
    at Object.onceWrapper (node:events:631:12)
    at ClientRequest.emit (node:events:509:20)
    at HTTPParser.parserOnIncomingClient [as onIncoming] (node:_http_client:812:27)
    at HTTPParser.parserOnHeadersComplete (node:_http_common:125:17)
    at TLSSocket.socketOnData (node:_http_client:647:22)
    at TLSSocket.emit (node:events:509:20)
    at addChunk (node:internal/streams/readable:568:12)
    at readableAddChunkPushByteMode (node:internal/streams/readable:519:3)
    at Readable.push (node:internal/streams/readable:399:5)
    at TLSWrap.onStreamRead (node:internal/stream_base_commons:189:23)
ℹ️  Natanggap ang SIGTERM — nagse-save muna ng huling snapshot sa Postgres bago mag-exit...
[2026-09-06 19:45:04] 🛑 Ihihinto ang supervisor loop (signal received).
[2026-09-06 19:45:06] 🔒 Termux wake-lock enabled (pinipigilan ng Android na i-kill ang session).
[2026-09-06 19:45:09] 🚀 OMNIPOS supervisor loop — sinisimulan ang server.js...
🔄 Naibalik ang 1 aktibong session mula sa huling pagkaka-save (bago pa mag-restart).
⏸️  Naka-disable ang auto-backup (DISABLE_AUTO_BACKUP=true sa .env). Alisin/i-false ang env var para i-enable ulit ito.
💳 Na-load ang cached Cloud Backup pricing mula RELAY (huling na-fetch: 2026-09-06T11:44:57.673Z).
ℹ️  [cloud-snapshot] Walang OMNIPOS_FIXED_INSTALLATION_ID at/o DATABASE_URL na naka-set — nilaktawan ang cloud restore.
Server running at http://localhost:3000
MODE: Development (Localhost Access Only)
Terminated                 node server.js
Terminated                 node server.js
Terminated                 node server.js
[2026-09-06 20:09:22] 🛑 Ihihinto ang supervisor loop (signal received).
[2026-09-06 20:09:22] 🛑 Ihihinto ang supervisor loop (signal received).
[2026-09-06 20:09:22] 🛑 Ihihinto ang supervisor loop (signal received).
[2026-09-06 20:36:28] ⚠️  May natirang lock file mula sa dating session (PID 16100, hindi na tumatakbo) — nililinis.
[2026-09-06 20:36:28] 🔒 Termux wake-lock enabled (pinipigilan ng Android na i-kill ang session).
[2026-09-06 20:36:31] 🚀 OMNIPOS supervisor loop — sinisimulan ang server.js...
🔄 Naibalik ang 1 aktibong session mula sa huling pagkaka-save (bago pa mag-restart).
⏸️  Naka-disable ang auto-backup (DISABLE_AUTO_BACKUP=true sa .env). Alisin/i-false ang env var para i-enable ulit ito.
💳 Na-load ang cached Cloud Backup pricing mula RELAY (huling na-fetch: 2026-09-06T12:06:41.607Z).
ℹ️  [cloud-snapshot] Walang OMNIPOS_FIXED_INSTALLATION_ID at/o DATABASE_URL na naka-set — nilaktawan ang cloud restore.
Server running at http://localhost:3000
MODE: Development (Localhost Access Only)
[2026-09-07 02:22:05] ⚠️  May natirang lock file mula sa dating session (PID 11844, hindi na tumatakbo) — nililinis.
[2026-09-07 02:22:06] 🔒 Termux wake-lock enabled (pinipigilan ng Android na i-kill ang session).
[2026-09-07 02:22:09] 🚀 OMNIPOS supervisor loop — sinisimulan ang server.js...
🔄 Naibalik ang 1 aktibong session mula sa huling pagkaka-save (bago pa mag-restart).
⏸️  Naka-disable ang auto-backup (DISABLE_AUTO_BACKUP=true sa .env). Alisin/i-false ang env var para i-enable ulit ito.
💳 Na-load ang cached Cloud Backup pricing mula RELAY (huling na-fetch: 2026-09-06T13:57:29.339Z).
ℹ️  [cloud-snapshot] Walang OMNIPOS_FIXED_INSTALLATION_ID at/o DATABASE_URL na naka-set — nilaktawan ang cloud restore.
Server running at http://localhost:3000
MODE: Development (Localhost Access Only)
ℹ️  Natanggap ang SIGTERM — nagse-save muna ng huling snapshot sa Postgres bago mag-exit...
[2026-09-07 02:56:06] 🛑 Ihihinto ang supervisor loop (signal received).
[2026-09-07 02:56:08] 🔒 Termux wake-lock enabled (pinipigilan ng Android na i-kill ang session).
[2026-09-07 02:56:11] 🚀 OMNIPOS supervisor loop — sinisimulan ang server.js...
🔄 Naibalik ang 1 aktibong session mula sa huling pagkaka-save (bago pa mag-restart).
⏸️  Naka-disable ang auto-backup (DISABLE_AUTO_BACKUP=true sa .env). Alisin/i-false ang env var para i-enable ulit ito.
💳 Na-load ang cached Cloud Backup pricing mula RELAY (huling na-fetch: 2026-09-06T18:52:11.427Z).
ℹ️  [cloud-snapshot] Walang OMNIPOS_FIXED_INSTALLATION_ID at/o DATABASE_URL na naka-set — nilaktawan ang cloud restore.
Server running at http://localhost:3000
MODE: Development (Localhost Access Only)
ℹ️  Natanggap ang SIGINT — nagse-save muna ng huling snapshot sa Postgres bago mag-exit...
[2026-09-07 04:12:44] 🛑 Ihihinto ang supervisor loop (signal received).
[2026-09-07 04:15:02] ⚠️  May natirang lock file mula sa dating session (PID 29768, hindi na tumatakbo) — nililinis.
[2026-09-07 04:15:02] 🔒 Termux wake-lock enabled (pinipigilan ng Android na i-kill ang session).
[2026-09-07 04:15:05] 🚀 OMNIPOS supervisor loop — sinisimulan ang server.js...
🔄 Naibalik ang 1 aktibong session mula sa huling pagkaka-save (bago pa mag-restart).
⏸️  Naka-disable ang auto-backup (DISABLE_AUTO_BACKUP=true sa .env). Alisin/i-false ang env var para i-enable ulit ito.
💳 Na-load ang cached Cloud Backup pricing mula RELAY (huling na-fetch: 2026-09-06T19:58:26.032Z).
ℹ️  [cloud-snapshot] Walang OMNIPOS_FIXED_INSTALLATION_ID at/o DATABASE_URL na naka-set — nilaktawan ang cloud restore.
Server running at http://localhost:3000
MODE: Development (Localhost Access Only)
ℹ️  Natanggap ang SIGTERM — nagse-save muna ng huling snapshot sa Postgres bago mag-exit...
[2026-09-07 05:22:57] 🛑 Ihihinto ang supervisor loop (signal received).
[2026-09-07 05:22:59] 🔒 Termux wake-lock enabled (pinipigilan ng Android na i-kill ang session).
[2026-09-07 05:23:02] 🚀 OMNIPOS supervisor loop — sinisimulan ang server.js...
🔄 Naibalik ang 1 aktibong session mula sa huling pagkaka-save (bago pa mag-restart).
⏸️  Naka-disable ang auto-backup (DISABLE_AUTO_BACKUP=true sa .env). Alisin/i-false ang env var para i-enable ulit ito.
💳 Na-load ang cached Cloud Backup pricing mula RELAY (huling na-fetch: 2026-09-06T21:16:06.082Z).
ℹ️  [cloud-snapshot] Walang OMNIPOS_FIXED_INSTALLATION_ID at/o DATABASE_URL na naka-set — nilaktawan ang cloud restore.
Server running at http://localhost:3000
MODE: Development (Localhost Access Only)
[2026-09-07 06:34:10] ⚠️  May natirang lock file mula sa dating session (PID 28278, hindi na tumatakbo) — nililinis.
[2026-09-07 06:34:10] 🔒 Termux wake-lock enabled (pinipigilan ng Android na i-kill ang session).
[2026-09-07 06:34:13] 🚀 OMNIPOS supervisor loop — sinisimulan ang server.js...
⏸️  Naka-disable ang auto-backup (DISABLE_AUTO_BACKUP=true sa .env). Alisin/i-false ang env var para i-enable ulit ito.
💳 Na-load ang cached Cloud Backup pricing mula RELAY (huling na-fetch: 2026-09-06T22:23:05.148Z).
ℹ️  [cloud-snapshot] Walang OMNIPOS_FIXED_INSTALLATION_ID at/o DATABASE_URL na naka-set — nilaktawan ang cloud restore.
Server running at http://localhost:3000
MODE: Development (Localhost Access Only)
ℹ️  Natanggap ang SIGTERM — nagse-save muna ng huling snapshot sa Postgres bago mag-exit...
[2026-09-07 07:31:44] 🛑 Ihihinto ang supervisor loop (signal received).
[2026-09-07 07:31:46] 🔒 Termux wake-lock enabled (pinipigilan ng Android na i-kill ang session).
[2026-09-07 07:31:49] 🚀 OMNIPOS supervisor loop — sinisimulan ang server.js...
🔄 Naibalik ang 1 aktibong session mula sa huling pagkaka-save (bago pa mag-restart).
⏸️  Naka-disable ang auto-backup (DISABLE_AUTO_BACKUP=true sa .env). Alisin/i-false ang env var para i-enable ulit ito.
💳 Na-load ang cached Cloud Backup pricing mula RELAY (huling na-fetch: 2026-09-06T23:26:15.488Z).
ℹ️  [cloud-snapshot] Walang OMNIPOS_FIXED_INSTALLATION_ID at/o DATABASE_URL na naka-set — nilaktawan ang cloud restore.
Server running at http://localhost:3000
MODE: Development (Localhost Access Only)
Omni product image select/fetch error (https://mtp-racing.de/media/image/product/127215/lg/motoroel-motul-3000-4t-20w-50-1l-mtp28891.jpg): Error: Nagbalik ng HTTP 403 ang image host.
    at ClientRequest.<anonymous> (/data/data/com.termux/files/home/OMNIPOS/server.js:1792:35)
    at Object.onceWrapper (node:events:631:12)
    at ClientRequest.emit (node:events:509:20)
    at HTTPParser.parserOnIncomingClient (node:_http_client:812:27)
    at HTTPParser.parserOnHeadersComplete (node:_http_common:125:17)
    at TLSSocket.socketOnData (node:_http_client:647:22)
    at TLSSocket.emit (node:events:509:20)
    at addChunk (node:internal/streams/readable:568:12)
    at readableAddChunkPushByteMode (node:internal/streams/readable:519:3)
    at Readable.push (node:internal/streams/readable:399:5)
    at TLSWrap.onStreamRead (node:internal/stream_base_commons:189:23)
Omni product image select/fetch error (https://cdn2.louis.de/dynamic/articles/o_resize,w_1800,h_1800,m_limit,c_fff::o_extension,e_webp/0e.c4.83.ART10037638Motul3000MotorenoelH1.JPG): Error: Nagbalik ng HTTP 403 ang image host.
    at ClientRequest.<anonymous> (/data/data/com.termux/files/home/OMNIPOS/server.js:1792:35)
    at Object.onceWrapper (node:events:631:12)
    at ClientRequest.emit (node:events:509:20)
    at HTTPParser.parserOnIncomingClient (node:_http_client:812:27)
    at HTTPParser.parserOnHeadersComplete (node:_http_common:125:17)
    at TLSSocket.socketOnData (node:_http_client:647:22)
    at TLSSocket.emit (node:events:509:20)
    at addChunk (node:internal/streams/readable:568:12)
    at readableAddChunkPushByteMode (node:internal/streams/readable:519:3)
    at Readable.push (node:internal/streams/readable:399:5)
    at TLSWrap.onStreamRead (node:internal/stream_base_commons:189:23)
Omni product image select/fetch error (https://mtp-racing.de/media/image/product/127215/lg/motoroel-motul-3000-4t-20w-50-1l-mtp28891.jpg): Error: Nagbalik ng HTTP 403 ang image host.
    at ClientRequest.<anonymous> (/data/data/com.termux/files/home/OMNIPOS/server.js:1792:35)
    at Object.onceWrapper (node:events:631:12)
    at ClientRequest.emit (node:events:509:20)
    at HTTPParser.parserOnIncomingClient (node:_http_client:812:27)
    at HTTPParser.parserOnHeadersComplete (node:_http_common:125:17)
    at TLSSocket.socketOnData (node:_http_client:647:22)
    at TLSSocket.emit (node:events:509:20)
    at addChunk (node:internal/streams/readable:568:12)
    at readableAddChunkPushByteMode (node:internal/streams/readable:519:3)
    at Readable.push (node:internal/streams/readable:399:5)
    at TLSWrap.onStreamRead (node:internal/stream_base_commons:189:23)
[2026-09-07 08:33:12] ⚠️  May natirang lock file mula sa dating session (PID 16283, hindi na tumatakbo) — nililinis.
[2026-09-07 08:33:13] 🔒 Termux wake-lock enabled (pinipigilan ng Android na i-kill ang session).
[2026-09-07 08:33:16] 🚀 OMNIPOS supervisor loop — sinisimulan ang server.js...
🔄 Naibalik ang 1 aktibong session mula sa huling pagkaka-save (bago pa mag-restart).
⏸️  Naka-disable ang auto-backup (DISABLE_AUTO_BACKUP=true sa .env). Alisin/i-false ang env var para i-enable ulit ito.
💳 Na-load ang cached Cloud Backup pricing mula RELAY (huling na-fetch: 2026-09-06T23:39:13.302Z).
ℹ️  [cloud-snapshot] Walang OMNIPOS_FIXED_INSTALLATION_ID at/o DATABASE_URL na naka-set — nilaktawan ang cloud restore.
Server running at http://localhost:3000
MODE: Development (Localhost Access Only)
⚠️  Hindi na-fetch ang Cloud Backup pricing mula RELAY (offline/timeout?) — gagamitin ang huling cache/fallback: This operation was aborted
⚠️  Could not reach Relay for auto-restore check: This operation was aborted
ℹ️  Natanggap ang SIGTERM — nagse-save muna ng huling snapshot sa Postgres bago mag-exit...
[2026-09-07 09:13:55] 🛑 Ihihinto ang supervisor loop (signal received).
[2026-09-07 09:13:58] 🔒 Termux wake-lock enabled (pinipigilan ng Android na i-kill ang session).
[2026-09-07 09:14:01] 🚀 OMNIPOS supervisor loop — sinisimulan ang server.js...
🔄 Naibalik ang 1 aktibong session mula sa huling pagkaka-save (bago pa mag-restart).
⏸️  Naka-disable ang auto-backup (DISABLE_AUTO_BACKUP=true sa .env). Alisin/i-false ang env var para i-enable ulit ito.
💳 Na-load ang cached Cloud Backup pricing mula RELAY (huling na-fetch: 2026-09-07T01:13:52.821Z).
ℹ️  [cloud-snapshot] Walang OMNIPOS_FIXED_INSTALLATION_ID at/o DATABASE_URL na naka-set — nilaktawan ang cloud restore.
Server running at http://localhost:3000
MODE: Development (Localhost Access Only)
⚠️  Could not reach Relay for auto-restore check: fetch failed
⚠️  Could not reach Relay for the feature status check: fetch failed
⚠️  Could not reach Relay for auto-restore check: fetch failed
⚠️  Could not reach Relay for the feature status check: fetch failed
ℹ️  Natanggap ang SIGTERM — nagse-save muna ng huling snapshot sa Postgres bago mag-exit...
[2026-09-07 10:23:06] 🛑 Ihihinto ang supervisor loop (signal received).
[2026-09-07 10:23:08] 🔒 Termux wake-lock enabled (pinipigilan ng Android na i-kill ang session).
[2026-09-07 10:23:11] 🚀 OMNIPOS supervisor loop — sinisimulan ang server.js...
🔄 Naibalik ang 1 aktibong session mula sa huling pagkaka-save (bago pa mag-restart).
⏸️  Naka-disable ang auto-backup (DISABLE_AUTO_BACKUP=true sa .env). Alisin/i-false ang env var para i-enable ulit ito.
💳 Na-load ang cached Cloud Backup pricing mula RELAY (huling na-fetch: 2026-09-07T02:14:03.051Z).
ℹ️  [cloud-snapshot] Walang OMNIPOS_FIXED_INSTALLATION_ID at/o DATABASE_URL na naka-set — nilaktawan ang cloud restore.
Server running at http://localhost:3000
MODE: Development (Localhost Access Only)
[2026-09-07 16:07:40] ⚠️  May natirang lock file mula sa dating session (PID 22131, hindi na tumatakbo) — nililinis.
[2026-09-07 16:07:41] 🔒 Termux wake-lock enabled (pinipigilan ng Android na i-kill ang session).
[2026-09-07 16:07:44] 🚀 OMNIPOS supervisor loop — sinisimulan ang server.js...
⏸️  Naka-disable ang auto-backup (DISABLE_AUTO_BACKUP=true sa .env). Alisin/i-false ang env var para i-enable ulit ito.
💳 Na-load ang cached Cloud Backup pricing mula RELAY (huling na-fetch: 2026-09-07T03:28:33.500Z).
ℹ️  [cloud-snapshot] Walang OMNIPOS_FIXED_INSTALLATION_ID at/o DATABASE_URL na naka-set — nilaktawan ang cloud restore.
Server running at http://localhost:3000
MODE: Development (Localhost Access Only)
ℹ️  Natanggap ang SIGTERM — nagse-save muna ng huling snapshot sa Postgres bago mag-exit...
[2026-09-07 16:44:08] 🛑 Ihihinto ang supervisor loop (signal received).
[2026-09-07 16:44:11] 🔒 Termux wake-lock enabled (pinipigilan ng Android na i-kill ang session).
[2026-09-07 16:44:14] 🚀 OMNIPOS supervisor loop — sinisimulan ang server.js...
🔄 Naibalik ang 1 aktibong session mula sa huling pagkaka-save (bago pa mag-restart).
⏸️  Naka-disable ang auto-backup (DISABLE_AUTO_BACKUP=true sa .env). Alisin/i-false ang env var para i-enable ulit ito.
💳 Na-load ang cached Cloud Backup pricing mula RELAY (huling na-fetch: 2026-09-07T08:43:41.870Z).
ℹ️  [cloud-snapshot] Walang OMNIPOS_FIXED_INSTALLATION_ID at/o DATABASE_URL na naka-set — nilaktawan ang cloud restore.
Server running at http://localhost:3000
MODE: Development (Localhost Access Only)
ℹ️  Natanggap ang SIGTERM — nagse-save muna ng huling snapshot sa Postgres bago mag-exit...
[2026-09-07 17:04:52] 🛑 Ihihinto ang supervisor loop (signal received).
[2026-09-07 17:04:55] 🔒 Termux wake-lock enabled (pinipigilan ng Android na i-kill ang session).
[2026-09-07 17:04:58] 🚀 OMNIPOS supervisor loop — sinisimulan ang server.js...
🔄 Naibalik ang 1 aktibong session mula sa huling pagkaka-save (bago pa mag-restart).
⏸️  Naka-disable ang auto-backup (DISABLE_AUTO_BACKUP=true sa .env). Alisin/i-false ang env var para i-enable ulit ito.
💳 Na-load ang cached Cloud Backup pricing mula RELAY (huling na-fetch: 2026-09-07T08:45:26.271Z).
ℹ️  [cloud-snapshot] Walang OMNIPOS_FIXED_INSTALLATION_ID at/o DATABASE_URL na naka-set — nilaktawan ang cloud restore.
Server running at http://localhost:3000
MODE: Development (Localhost Access Only)
ℹ️  Natanggap ang SIGTERM — nagse-save muna ng huling snapshot sa Postgres bago mag-exit...
[2026-09-07 17:09:35] 🛑 Ihihinto ang supervisor loop (signal received).
[2026-09-07 17:09:37] 🔒 Termux wake-lock enabled (pinipigilan ng Android na i-kill ang session).
[2026-09-07 17:09:40] 🚀 OMNIPOS supervisor loop — sinisimulan ang server.js...
🔄 Naibalik ang 1 aktibong session mula sa huling pagkaka-save (bago pa mag-restart).
⏸️  Naka-disable ang auto-backup (DISABLE_AUTO_BACKUP=true sa .env). Alisin/i-false ang env var para i-enable ulit ito.
💳 Na-load ang cached Cloud Backup pricing mula RELAY (huling na-fetch: 2026-09-07T09:09:11.324Z).
ℹ️  [cloud-snapshot] Walang OMNIPOS_FIXED_INSTALLATION_ID at/o DATABASE_URL na naka-set — nilaktawan ang cloud restore.
Server running at http://localhost:3000
MODE: Development (Localhost Access Only)
ℹ️  Natanggap ang SIGTERM — nagse-save muna ng huling snapshot sa Postgres bago mag-exit...
[2026-09-07 18:07:13] 🛑 Ihihinto ang supervisor loop (signal received).
[2026-09-07 18:07:16] 🔒 Termux wake-lock enabled (pinipigilan ng Android na i-kill ang session).
[2026-09-07 18:07:19] 🚀 OMNIPOS supervisor loop — sinisimulan ang server.js...
🔄 Naibalik ang 1 aktibong session mula sa huling pagkaka-save (bago pa mag-restart).
⏸️  Naka-disable ang auto-backup (DISABLE_AUTO_BACKUP=true sa .env). Alisin/i-false ang env var para i-enable ulit ito.
💳 Na-load ang cached Cloud Backup pricing mula RELAY (huling na-fetch: 2026-09-07T09:43:05.846Z).
ℹ️  [cloud-snapshot] Walang OMNIPOS_FIXED_INSTALLATION_ID at/o DATABASE_URL na naka-set — nilaktawan ang cloud restore.
Server running at http://localhost:3000
MODE: Development (Localhost Access Only)
⚠️  Could not reach Relay for auto-restore check: fetch failed
⚠️  Could not reach Relay for the feature status check: fetch failed
⚠️  Could not reach Relay for auto-restore check: fetch failed
⚠️  Could not reach Relay for the feature status check: fetch failed
[2026-09-07 22:24:43] ⚠️  May natirang lock file mula sa dating session (PID 13942, hindi na tumatakbo) — nililinis.
[2026-09-07 22:24:44] 🔒 Termux wake-lock enabled (pinipigilan ng Android na i-kill ang session).
[2026-09-07 22:24:47] 🚀 OMNIPOS supervisor loop — sinisimulan ang server.js...
🔄 Naibalik ang 1 aktibong session mula sa huling pagkaka-save (bago pa mag-restart).
⏸️  Naka-disable ang auto-backup (DISABLE_AUTO_BACKUP=true sa .env). Alisin/i-false ang env var para i-enable ulit ito.
💳 Na-load ang cached Cloud Backup pricing mula RELAY (huling na-fetch: 2026-09-07T11:07:21.106Z).
ℹ️  [cloud-snapshot] Walang OMNIPOS_FIXED_INSTALLATION_ID at/o DATABASE_URL na naka-set — nilaktawan ang cloud restore.
Server running at http://0.0.0.0:3000
MODE: Production (Public/Online Access Enabled)
⚠️  Hindi na-fetch ang Cloud Backup pricing mula RELAY (offline/timeout?) — gagamitin ang huling cache/fallback: This operation was aborted
⚠️  Could not reach Relay for auto-restore check: This operation was aborted
[2026-09-08 00:23:54] ⚠️  May natirang lock file mula sa dating session (PID 26955, hindi na tumatakbo) — nililinis.
[2026-09-08 00:23:55] 🔒 Termux wake-lock enabled (pinipigilan ng Android na i-kill ang session).
[2026-09-08 00:23:58] 🚀 OMNIPOS supervisor loop — sinisimulan ang server.js...
🔄 Naibalik ang 1 aktibong session mula sa huling pagkaka-save (bago pa mag-restart).
⏸️  Naka-disable ang auto-backup (DISABLE_AUTO_BACKUP=true sa .env). Alisin/i-false ang env var para i-enable ulit ito.
💳 Na-load ang cached Cloud Backup pricing mula RELAY (huling na-fetch: 2026-09-07T14:59:29.971Z).
ℹ️  [cloud-snapshot] Walang OMNIPOS_FIXED_INSTALLATION_ID at/o DATABASE_URL na naka-set — nilaktawan ang cloud restore.
Server running at http://0.0.0.0:3000
MODE: Production (Public/Online Access Enabled)
[2026-09-08 05:28:09] ⚠️  May natirang lock file mula sa dating session (PID 30771, hindi na tumatakbo) — nililinis.
[2026-09-08 05:28:10] 🔒 Termux wake-lock enabled (pinipigilan ng Android na i-kill ang session).
[2026-09-08 05:28:13] 🚀 OMNIPOS supervisor loop — sinisimulan ang server.js...
🔄 Naibalik ang 1 aktibong session mula sa huling pagkaka-save (bago pa mag-restart).
⏸️  Naka-disable ang auto-backup (DISABLE_AUTO_BACKUP=true sa .env). Alisin/i-false ang env var para i-enable ulit ito.
💳 Na-load ang cached Cloud Backup pricing mula RELAY (huling na-fetch: 2026-09-07T17:31:12.821Z).
ℹ️  [cloud-snapshot] Walang OMNIPOS_FIXED_INSTALLATION_ID at/o DATABASE_URL na naka-set — nilaktawan ang cloud restore.
Server running at http://localhost:3000
MODE: Development (Localhost Access Only)
[2026-09-08 07:42:19] 🔒 Termux wake-lock enabled (pinipigilan ng Android na i-kill ang session).
[2026-09-08 07:42:22] 🚀 OMNIPOS supervisor loop — sinisimulan ang server.js...
🔄 Naibalik ang 1 aktibong session mula sa huling pagkaka-save (bago pa mag-restart).
⏸️  Naka-disable ang auto-backup (DISABLE_AUTO_BACKUP=true sa .env). Alisin/i-false ang env var para i-enable ulit ito.
💳 Na-load ang cached Cloud Backup pricing mula RELAY (huling na-fetch: 2026-09-07T21:29:17.693Z).
ℹ️  [cloud-snapshot] Walang OMNIPOS_FIXED_INSTALLATION_ID at/o DATABASE_URL na naka-set — nilaktawan ang cloud restore.
Server running at http://localhost:3000
MODE: Development (Localhost Access Only)
⚠️  Hindi na-fetch ang Cloud Backup pricing mula RELAY (offline/timeout?) — gagamitin ang huling cache/fallback: This operation was aborted
⚠️  Could not reach Relay for auto-restore check: fetch failed
⚠️  Could not reach Relay for the feature status check: fetch failed
⚠️  Hindi na-fetch ang Cloud Backup pricing mula RELAY (offline/timeout?) — gagamitin ang huling cache/fallback: Walang internet connection na na-detect sa device na ito.
ℹ️  Natanggap ang SIGTERM — nagse-save muna ng huling snapshot sa Postgres bago mag-exit...
[2026-09-08 08:15:58] 🛑 Ihihinto ang supervisor loop (signal received).
[2026-09-08 08:16:00] 🔒 Termux wake-lock enabled (pinipigilan ng Android na i-kill ang session).
[2026-09-08 08:16:03] 🚀 OMNIPOS supervisor loop — sinisimulan ang server.js...
🔄 Naibalik ang 1 aktibong session mula sa huling pagkaka-save (bago pa mag-restart).
⏸️  Naka-disable ang auto-backup (DISABLE_AUTO_BACKUP=true sa .env). Alisin/i-false ang env var para i-enable ulit ito.
💳 Na-load ang cached Cloud Backup pricing mula RELAY (huling na-fetch: 2026-09-07T23:47:00.756Z).
ℹ️  [cloud-snapshot] Walang OMNIPOS_FIXED_INSTALLATION_ID at/o DATABASE_URL na naka-set — nilaktawan ang cloud restore.
Server running at http://localhost:3000
MODE: Development (Localhost Access Only)
